Microchip Technology Inc, vv3_25 (A) >

Tool Name:
  c:\programmi\microchip\mplabc30\v3.25\bin\bin\..\bin/pic30-elf-ld.exe

Command:
  -p33FJ128MC802 \
  -odsPID33.elf \
  -Lc:/programmi/microchip/mplabc30/v3.25/bin/bin/.. \
  -Lc:/programmi/microchip/mplabc30/v3.25/bin/bin/../../lib \
  -Lc:/programmi/microchip/mplabc30/v3.25/bin/bin/../../support/generic/gld \
  -Lc:/programmi/microchip/mplabc30/v3.25/bin/bin/../../lib/PIC24F \
  -Lc:/programmi/microchip/mplabc30/v3.25/bin/bin/../../support/PIC24F/gld \
  -Lc:/programmi/microchip/mplabc30/v3.25/bin/bin/../../lib/PIC24H \
  -Lc:/programmi/microchip/mplabc30/v3.25/bin/bin/../../support/PIC24H/gld \
  -Lc:/programmi/microchip/mplabc30/v3.25/bin/bin/../../lib/dsPIC30F \
  -Lc:/programmi/microchip/mplabc30/v3.25/bin/bin/../../support/dsPIC30F/gld \
  -Lc:/programmi/microchip/mplabc30/v3.25/bin/bin/../../lib/dsPIC33F \
  -Lc:/programmi/microchip/mplabc30/v3.25/bin/bin/../../support/dsPIC33F/gld \
  traps.o \
  dsPID33.o \
  dsPid33_settings.o \
  DEE Emulation 16-bit.o \
  Flash Operations.o \
  com.o \
  C:\Programmi\Microchip\MPLAB C30\lib\libdsp-elf.a \
  C:\Programmi\Microchip\MPLAB C30\lib\libq-elf.a \
  C:\Programmi\Microchip\MPLAB C30\lib\libfastm-elf.a \
  -LC:\Programmi\Microchip\MPLAB C30\lib \
  -Tp33FJ128MC802.gld.00 \
  --defsym=__MPLAB_BUILD=1 \
  --heap=512 \
  -Map=dsPID33.map \
  --report-mem \
  --cref \
  -start-group \
  --library=pic30-elf \
  --library=fastm-elf \
  --library=c-elf \
  -end-group \

Archive member included because of file (symbol)

C:\Programmi\Microchip\MPLAB C30\lib\libdsp-elf.a(pid.obj)
                              dsPID33.o (_PID)
C:\Programmi\Microchip\MPLAB C30\lib\libq-elf.a(PIC_Itof_1_15.eo)
                              dsPID33.o (__itofQ15)
C:\Programmi\Microchip\MPLAB C30\lib\libfastm-elf.a(atan2f.eo)
                              dsPID33.o (_atan2f)
C:\Programmi\Microchip\MPLAB C30\lib\libfastm-elf.a(cos.eo)
                              dsPID33.o (_cos)
C:\Programmi\Microchip\MPLAB C30\lib\libfastm-elf.a(deqltle.eo)
                              dsPID33.o (___ltdf2)
C:\Programmi\Microchip\MPLAB C30\lib\libfastm-elf.a(dgtge.eo)
                              dsPID33.o (___gtdf2)
C:\Programmi\Microchip\MPLAB C30\lib\libfastm-elf.a(divsi3.eo)
                              dsPID33.o (___divsi3)
C:\Programmi\Microchip\MPLAB C30\lib\libfastm-elf.a(errno.eo)
                              C:\Programmi\Microchip\MPLAB C30\lib\libfastm-elf.a(atan2f.eo) (_errno)
C:\Programmi\Microchip\MPLAB C30\lib\libfastm-elf.a(extendsfdf.eo)
                              dsPID33.o (___extendsfdf2)
C:\Programmi\Microchip\MPLAB C30\lib\libfastm-elf.a(feqltle.eo)
                              dsPID33.o (___ltsf2)
C:\Programmi\Microchip\MPLAB C30\lib\libfastm-elf.a(fgtge.eo)
                              dsPID33.o (___gesf2)
C:\Programmi\Microchip\MPLAB C30\lib\libfastm-elf.a(fixdfsi.eo)
                              dsPID33.o (_(float, int, long long, double, float, short, int))
C:\Programmi\Microchip\MPLAB C30\lib\libfastm-elf.a(fixsfsi.eo)
                              dsPID33.o (_(float, int, long long, short, float, short, int))
C:\Programmi\Microchip\MPLAB C30\lib\libfastm-elf.a(fixunssfsi.eo)
                              com.o (___fixunssfsi)
C:\Programmi\Microchip\MPLAB C30\lib\libfastm-elf.a(floatsidf.eo)
                              dsPID33.o (___floatsidf)
C:\Programmi\Microchip\MPLAB C30\lib\libfastm-elf.a(floatsisf.eo)
                              dsPID33.o (___floatsisf)
C:\Programmi\Microchip\MPLAB C30\lib\libfastm-elf.a(fmodf.eo)
                              dsPID33.o (_fmodf)
C:\Programmi\Microchip\MPLAB C30\lib\libfastm-elf.a(fmodrem.eo)
                              C:\Programmi\Microchip\MPLAB C30\lib\libfastm-elf.a(fmodf.eo) (__fmodrem)
C:\Programmi\Microchip\MPLAB C30\lib\libfastm-elf.a(fne.eo)
                              dsPID33.o (___nesf2)
C:\Programmi\Microchip\MPLAB C30\lib\libfastm-elf.a(fpack.eo)
                              C:\Programmi\Microchip\MPLAB C30\lib\libfastm-elf.a(floatsisf.eo) (__fpack)
C:\Programmi\Microchip\MPLAB C30\lib\libfastm-elf.a(funpack.eo)
                              C:\Programmi\Microchip\MPLAB C30\lib\libfastm-elf.a(extendsfdf.eo) (__funpack)
C:\Programmi\Microchip\MPLAB C30\lib\libfastm-elf.a(funpack2.eo)
                              C:\Programmi\Microchip\MPLAB C30\lib\libfastm-elf.a(atan2f.eo) (__funpack2)
C:\Programmi\Microchip\MPLAB C30\lib\libfastm-elf.a(futil.eo)
                              C:\Programmi\Microchip\MPLAB C30\lib\libfastm-elf.a(atan2f.eo) (__fPropagateNaN)
C:\Programmi\Microchip\MPLAB C30\lib\libfastm-elf.a(sin.eo)
                              dsPID33.o (_sin)
C:\Programmi\Microchip\MPLAB C30\lib\libfastm-elf.a(sincos.eo)
                              C:\Programmi\Microchip\MPLAB C30\lib\libfastm-elf.a(cos.eo) (__sincos)
[...]
Memory Configuration

Name             Origin             Length             Attributes
data             0x000800           0x004000           a !xr
reset            0x000000           0x000004  
ivt              0x000004           0x0000fc  
aivt             0x000104           0x0000fc  
program          0x000200           0x015600           xr
FBS              0xf80000           0x000002  
FSS              0xf80002           0x000002  
FGS              0xf80004           0x000002  
FOSCSEL          0xf80006           0x000002  
FOSC             0xf80008           0x000002  
FWDT             0xf8000a           0x000002  
FPOR             0xf8000c           0x000002  
FICD             0xf8000e           0x000002  
FUID0            0xf80010           0x000002  
FUID1            0xf80012           0x000002  
FUID2            0xf80014           0x000002  
FUID3            0xf80016           0x000002  
*default*        0x000000           0xffffffff  

Linker script and memory map

LOAD traps.o
LOAD dsPID33.o
LOAD dsPid33_settings.o
LOAD DEE Emulation 16-bit.o
LOAD Flash Operations.o
LOAD com.o
LOAD C:\Programmi\Microchip\MPLAB C30\lib\libdsp-elf.a
LOAD C:\Programmi\Microchip\MPLAB C30\lib\libq-elf.a
LOAD C:\Programmi\Microchip\MPLAB C30\lib\libfastm-elf.a
LOAD c:/programmi/microchip/mplabc30/v3.25/bin/bin/../../lib/dsPIC33F\libp33FJ128MC802-elf.a
                    0xf80000                  __FBS = 0xf80000
                    0xf80002                  __FSS = 0xf80002
                    0xf80004                  __FGS = 0xf80004
                    0xf80006                  __FOSCSEL = 0xf80006
                    0xf80008                  __FOSC = 0xf80008
                    0xf8000a                  __FWDT = 0xf8000a
                    0xf8000c                  __FPOR = 0xf8000c
                    0xf8000e                  __FICD = 0xf8000e
                    0xf80010                  __FUID0 = 0xf80010
                    0xf80012                  __FUID1 = 0xf80012
                    0xf80014                  __FUID2 = 0xf80014
                    0xf80016                  __FUID3 = 0xf80016
                    0x0004                  __IVT_BASE = 0x4
                    0x0104                  __AIVT_BASE = 0x104
                    0x0800                  __DATA_BASE = 0x800
                    0x2800                  __YDATA_BASE = 0x2800
                    0x4000                  __DMA_BASE = 0x4000
                    0x47ff                  __DMA_END = 0x47ff
                    0x0200                  __CODE_BASE = 0x200

.reset            0x000000          0x4
                  0x000000          0x2 SHORT 0x200 <code 339> (__reset)
                  0x000001          0x2 SHORT 0x4
                  0x000002          0x2 SHORT 0x0 ((<code 339> (__reset) >> 0x10) & 0x7f)
                  0x000003          0x2 SHORT 0x0

.text             0x000200       0x1ad8
 *(.init)
 .init            0x000200         0x32 c:/programmi/microchip/mplabc30/v3.25/bin/bin/../../lib\libpic30-elf.a(crt0_standard.o)
                  0x000200                  __resetPRI
                  0x000200                  __reset
                  0x000222                  __psv_init
 .init            0x000232         0x5e c:/programmi/microchip/mplabc30/v3.25/bin/bin/../../lib\libpic30-elf.a(data_init_standard.o)
                  0x000232                  __data_init_standard
                  0x000232                  __data_init
 *(.user_init)
 *(.handle)
 *(.libc)
 *(.libm)
 .libm            0x000290         0x3a C:\Programmi\Microchip\MPLAB C30\lib\libfastm-elf.a(atan2f.eo)
                  0x000290                  _atan2f
 .libm            0x0002ca          0x4 C:\Programmi\Microchip\MPLAB C30\lib\libfastm-elf.a(cos.eo)
                  0x0002ca                  _cos
                  0x0002ca                  _cosl
 .libm            0x0002ce          0xa C:\Programmi\Microchip\MPLAB C30\lib\libfastm-elf.a(deqltle.eo)
                  0x0002ce                  ___eqdf2
                  0x0002ce                  ___ltdf2
                  0x0002ce                  ___ledf2
 .libm            0x0002d8          0xa C:\Programmi\Microchip\MPLAB C30\lib\libfastm-elf.a(dgtge.eo)
                  0x0002d8                  ___gtdf2
                  0x0002d8                  ___gedf2
 .libm            0x0002e2         0x1e C:\Programmi\Microchip\MPLAB C30\lib\libfastm-elf.a(divsi3.eo)
                  0x0002e2                  ___divsi3
 .libm            0x000300         0x3e C:\Programmi\Microchip\MPLAB C30\lib\libfastm-elf.a(extendsfdf.eo)
                  0x000300                  ___extendsfdf2
 .libm            0x00033e          0x4 C:\Programmi\Microchip\MPLAB C30\lib\libfastm-elf.a(feqltle.eo)
                  0x00033e                  ___eqsf2
                  0x00033e                  ___ltsf2
                  0x00033e                  ___lesf2
 .libm            0x000342          0x4 C:\Programmi\Microchip\MPLAB C30\lib\libfastm-elf.a(fgtge.eo)
                  0x000342                  ___gesf2
                  0x000342                  ___gtsf2
 .libm            0x000346         0x58 C:\Programmi\Microchip\MPLAB C30\lib\libfastm-elf.a(fixdfsi.eo)
                  0x000346                  _(float, int, long long, double, float, short, int)
 .libm            0x00039e         0x42 C:\Programmi\Microchip\MPLAB C30\lib\libfastm-elf.a(fixsfsi.eo)
                  0x00039e                  _(float, int, long long, short, float, short, int)
 .libm            0x0003e0         0x36 C:\Programmi\Microchip\MPLAB C30\lib\libfastm-elf.a(fixunssfsi.eo)
                  0x0003e0                  ___fixunssfsi
 .libm            0x000416          0x6 C:\Programmi\Microchip\MPLAB C30\lib\libfastm-elf.a(floatsidf.eo)
                  0x000416                  ___floatsidf
 .libm            0x00041c         0x56 C:\Programmi\Microchip\MPLAB C30\lib\libfastm-elf.a(floatsisf.eo)
                  0x00041c                  ___floatsisf
 .libm            0x000472          0x4 C:\Programmi\Microchip\MPLAB C30\lib\libfastm-elf.a(fmodf.eo)
                  0x000472                  _fmodf
 .libm            0x000476         0x9e C:\Programmi\Microchip\MPLAB C30\lib\libfastm-elf.a(fmodrem.eo)
                  0x000476                  __fmodrem
 .libm            0x000514          0x4 C:\Programmi\Microchip\MPLAB C30\lib\libfastm-elf.a(fne.eo)
                  0x000514                  ___nesf2
 .libm            0x000518         0x4c C:\Programmi\Microchip\MPLAB C30\lib\libfastm-elf.a(fpack.eo)
                  0x000518                  __fpack
 .libm            0x000564         0x2a C:\Programmi\Microchip\MPLAB C30\lib\libfastm-elf.a(funpack.eo)
                  0x000564                  __funpack
 .libm            0x00058e         0x10 C:\Programmi\Microchip\MPLAB C30\lib\libfastm-elf.a(funpack2.eo)
                  0x00058e                  __funpack2
 .libm            0x00059e         0x20 C:\Programmi\Microchip\MPLAB C30\lib\libfastm-elf.a(futil.eo)
                  0x00059e                  __fPropagateNaN
                  0x0005b0                  __fbopExit
                  0x0005b8                  __fbopReturnNaN
 .libm            0x0005be          0x4 C:\Programmi\Microchip\MPLAB C30\lib\libfastm-elf.a(sin.eo)
                  0x0005be                  _sin
                  0x0005be                  _sinl
 .libm            0x0005c2        0x15a C:\Programmi\Microchip\MPLAB C30\lib\libfastm-elf.a(sincos.eo)
                  0x0005c2                  __sincos
 .libm            0x00071c         0x56 C:\Programmi\Microchip\MPLAB C30\lib\libfastm-elf.a(truncdfsf.eo)
                  0x00071c                  ___truncdfsf2
 .libm            0x000772         0x52 C:\Programmi\Microchip\MPLAB C30\lib\libfastm-elf.a(dcompare.eo)
                  0x000772                  __dcompare
 .libm            0x0007c4         0x24 C:\Programmi\Microchip\MPLAB C30\lib\libfastm-elf.a(dtype.eo)
                  0x0007c4                  __dtype
 .libm            0x0007e8         0x4e C:\Programmi\Microchip\MPLAB C30\lib\libfastm-elf.a(dunpack.eo)
                  0x0007e8                  __dunpack
 .libm            0x000836         0x32 C:\Programmi\Microchip\MPLAB C30\lib\libfastm-elf.a(dunpack2.eo)
                  0x000836                  __dunpack2
                  0x000858                  __dreturnNaN
                  0x00085e                  __dunpack2exit
 .libm            0x000868         0x36 C:\Programmi\Microchip\MPLAB C30\lib\libfastm-elf.a(fcompare.eo)
                  0x000868                  __fcompare
 .libm            0x00089e         0x6e C:\Programmi\Microchip\MPLAB C30\lib\libfastm-elf.a(floatdidf.eo)
                  0x00089e                  ___floatdidf
 .libm            0x00090c          0x8 C:\Programmi\Microchip\MPLAB C30\lib\libfastm-elf.a(fmod.eo)
                  0x00090c                  _fmod
                  0x00090c                  _fmodl
 .libm            0x000914         0xd0 C:\Programmi\Microchip\MPLAB C30\lib\libfastm-elf.a(dmodrem.eo)
                  0x000914                  __dmodrem
 .libm            0x0009e4         0x58 C:\Programmi\Microchip\MPLAB C30\lib\libfastm-elf.a(dpack.eo)
                  0x0009e4                  __dpack
 .libm            0x000a3c         0x1c C:\Programmi\Microchip\MPLAB C30\lib\libfastm-elf.a(dpropagateNaN.eo)
                  0x000a3c                  __dPropagateNaN
 *(.libdsp)
 .libdsp          0x000a58         0x72 C:\Programmi\Microchip\MPLAB C30\lib\libdsp-elf.a(pid.obj)
                  0x000a58                  _PID
                  0x000a90                  _PIDInit
                  0x000aa6                  _PIDCoeffCalc
 *(.lib*)
 .libmx           0x000aca        0x15c C:\Programmi\Microchip\MPLAB C30\lib\libfastm-elf.a(sinfx.eo)
                  0x000aca                  _sinf
                  0x000aca                  _sinfx
                  0x000b8c                  _cosf
                  0x000b8c                  _cosfx
 .libmx           0x000c26         0x34 C:\Programmi\Microchip\MPLAB C30\lib\libfastm-elf.a(typefx.eo)
                  0x000c26                  __typef
 .libmx           0x000c5a        0x1dc C:\Programmi\Microchip\MPLAB C30\lib\libfastm-elf.a(addsf3x.eo)
                  0x000c5a                  ___subsf3x
                  0x000c5a                  ___subsf3
                  0x000c6c                  ___addsf3x
                  0x000c6c                  ___addsf3
 .libmx           0x000e36        0x10c C:\Programmi\Microchip\MPLAB C30\lib\libfastm-elf.a(mulsf3x.eo)
                  0x000e36                  ___mulsf3x
                  0x000e36                  ___mulsf3
 .libmx           0x000f42         0xda C:\Programmi\Microchip\MPLAB C30\lib\libfastm-elf.a(udivsi3x.eo)
                  0x000f42                  ___udivsi3
                  0x000f42                  ___udivsi3x
 .libmx           0x00101c        0x11e C:\Programmi\Microchip\MPLAB C30\lib\libfastm-elf.a(atanfx.eo)
                  0x00101c                  _atanfx
                  0x00101c                  _atanf
 .libmx           0x00113a        0x130 C:\Programmi\Microchip\MPLAB C30\lib\libfastm-elf.a(smaddfx.eo)
                  0x00113a                  __srmsubf
                  0x001140                  __smsubf
                  0x001144                  __smaddf
 .libmx           0x00126a         0x1c C:\Programmi\Microchip\MPLAB C30\lib\libfastm-elf.a(spolyfx.eo)
                  0x00126a                  __spolyf
 .libmx           0x001286         0x5e C:\Programmi\Microchip\MPLAB C30\lib\libfastm-elf.a(unpackdnrmfx.eo)
                  0x001286                  __unpackdnrmf
 .libmx           0x0012e4        0x1be C:\Programmi\Microchip\MPLAB C30\lib\libfastm-elf.a(divsf3x.eo)
                  0x0012e4                  ___divsf3x
                  0x0012e4                  ___divsf3
                  0x001476                  __sdivf
 .libmx           0x0014a2         0x12 C:\Programmi\Microchip\MPLAB C30\lib\libfastm-elf.a(propnanfx.eo)
                  0x0014a2                  __propnanf
 .libmx           0x0014b4         0x56 C:\Programmi\Microchip\MPLAB C30\lib\libfastm-elf.a(smulfx.eo)
                  0x0014b4                  __smulf
 .libmx           0x00150a         0x7c C:\Programmi\Microchip\MPLAB C30\lib\libfastm-elf.a(sqrtfx.eo)
                  0x00150a                  _sqrtf
                  0x00150a                  _sqrtfx
 .libmx           0x001586         0x66 C:\Programmi\Microchip\MPLAB C30\lib\libfastm-elf.a(unpackfx.eo)
                  0x001586                  __unpackf
 .libmx           0x0015ec         0x54 C:\Programmi\Microchip\MPLAB C30\lib\libfastm-elf.a(dnrmpackfx.eo)
                  0x0015ec                  __dnrmpackf
 .libmx           0x001640         0xa0 C:\Programmi\Microchip\MPLAB C30\lib\libfastm-elf.a(saddfx.eo)
                  0x001640                  __srsubf
                  0x001646                  __ssubf
                  0x00164a                  __saddf
 .libmx           0x0016e0         0xa6 C:\Programmi\Microchip\MPLAB C30\lib\libfastm-elf.a(spackfx.eo)
                  0x0016e0                  __spackf
 .libmx           0x001786         0xd6 C:\Programmi\Microchip\MPLAB C30\lib\libfastm-elf.a(ssqrtfx.eo)
                  0x001786                  __ssqrtf
 .libmx           0x00185c         0x54 C:\Programmi\Microchip\MPLAB C30\lib\libfastm-elf.a(sfloatfsix.eo)
                  0x00185c                  __sfloatfsi
 .libmx           0x0018b0         0x46 C:\Programmi\Microchip\MPLAB C30\lib\libfastm-elf.a(spolyf0x.eo)
                  0x0018b0                  __spolyf0
 .libmx           0x0018f6         0x8c C:\Programmi\Microchip\MPLAB C30\lib\libfastm-elf.a(strigredfx.eo)
                  0x0018f6                  __strigredf
 .libmx           0x001982         0x4a C:\Programmi\Microchip\MPLAB C30\lib\libfastm-elf.a(spolyf1x.eo)
                  0x001982                  __spolyf1
 .libmx           0x0019cc         0x62 C:\Programmi\Microchip\MPLAB C30\lib\libfastm-elf.a(sintrndfx.eo)
                  0x0019cc                  __sintrndf
 .libmx           0x001a2e         0x86 C:\Programmi\Microchip\MPLAB C30\lib\libfastm-elf.a(spolyfbx.eo)
                  0x001a2e                  __spolyfb
 .libmx           0x001ab4         0x48 C:\Programmi\Microchip\MPLAB C30\lib\libfastm-elf.a(norm3sx.eo)
                  0x001ab4                  __norm3s
 .libmx           0x001afc         0x3a C:\Programmi\Microchip\MPLAB C30\lib\libfastm-elf.a(slmulx.eo)
                  0x001afc                  __slmul
 .libmx           0x001b36         0x4c C:\Programmi\Microchip\MPLAB C30\lib\libfastm-elf.a(spolyfm1x.eo)
                  0x001b36                  __spolyfm1
 .libmx           0x001b82         0x74 C:\Programmi\Microchip\MPLAB C30\lib\libfastm-elf.a(norm4sx.eo)
                  0x001b82                  __norm4s
 .libperi         0x001bf6         0x52 c:/programmi/microchip/mplabc30/v3.25/bin/bin/../../lib/dsPIC33F\libp33FJ128MC802-elf.a(ConfigIntMCPWM1.o)
                  0x001bf6                  _ConfigIntMCPWM1
 .libperi         0x001c48          0xc c:/programmi/microchip/mplabc30/v3.25/bin/bin/../../lib/dsPIC33F\libp33FJ128MC802-elf.a(OpenMCPWM1.o)
                  0x001c48                  _OpenMCPWM1
 .libperi         0x001c54         0x18 c:/programmi/microchip/mplabc30/v3.25/bin/bin/../../lib/dsPIC33F\libp33FJ128MC802-elf.a(SetDutyCycleMCPWM1.o)
                  0x001c54                  _SetDCMCPWM1
 .libperi         0x001c6c          0x4 c:/programmi/microchip/mplabc30/v3.25/bin/bin/../../lib/dsPIC33F\libp33FJ128MC802-elf.a(SetMCPWM1DeadTimeGeneration.o)
                  0x001c6c                  _SetMCPWM1DeadTimeGeneration
 .libperi         0x001c70         0x2a c:/programmi/microchip/mplabc30/v3.25/bin/bin/../../lib/dsPIC33F\libp33FJ128MC802-elf.a(ConfigIntTimer1.o)
                  0x001c70                  _ConfigIntTimer1
 .libperi         0x001c9a          0x8 c:/programmi/microchip/mplabc30/v3.25/bin/bin/../../lib/dsPIC33F\libp33FJ128MC802-elf.a(OpenTimer1.o)
                  0x001c9a                  _OpenTimer1
 .libperi         0x001ca2         0x12 c:/programmi/microchip/mplabc30/v3.25/bin/bin/../../lib/dsPIC33F\libp33FJ128MC802-elf.a(ReadUART1.o)
                  0x001ca2                  _ReadUART1
 .libperi         0x001cb4         0x12 c:/programmi/microchip/mplabc30/v3.25/bin/bin/../../lib/dsPIC33F\libp33FJ128MC802-elf.a(ReadUART2.o)
                  0x001cb4                  _ReadUART2
 .libc.div        0x001cc6         0x12 c:/programmi/microchip/mplabc30/v3.25/bin/bin/../../lib\libc-elf.a(cdiv.eo)
                  0x001cc6                  _div

usercode
 *(usercode)

__FBS
 *(__FBS.sec)

__FSS
 *(__FSS.sec)

__FGS             0xf80004          0x2
 *(__FGS.sec)
 __FGS.sec        0xf80004          0x2 FGS
                  0xf80004                  __FGS.sec

__FOSCSEL         0xf80006          0x2
 *(__FOSCSEL.sec)
 __FOSCSEL.sec    0xf80006          0x2 dsPID33.o

__FOSC            0xf80008          0x2
 *(__FOSC.sec)
 __FOSC.sec       0xf80008          0x2 dsPID33.o

__FWDT
 *(__FWDT.sec)

__FPOR            0xf8000c          0x2
 *(__FPOR.sec)
 __FPOR.sec       0xf8000c          0x2 dsPID33.o

__FICD            0xf8000e          0x2
 *(__FICD.sec)
 __FICD.sec       0xf8000e          0x2 dsPID33.o

__FUID0
 *(__FUID0.sec)

__FUID1
 *(__FUID1.sec)

__FUID2
 *(__FUID2.sec)

__FUID3
 *(__FUID3.sec)

.comment
 *(.comment)

.debug_info       0x000000       0x8584
 *(.debug_info)
 .debug_info      0x000000        0x333 traps.o
 .debug_info      0x000333       0x2936 dsPID33.o
 .debug_info      0x002c69       0x3186 dsPid33_settings.o
 .debug_info      0x005def        0x849 DEE Emulation 16-bit.o
 .debug_info      0x006638         0x82 Flash Operations.o
 .debug_info      0x0066ba       0x1eca com.o
 *(.gnu.linkonce.wi.*)

.debug_abbrev     0x000000        0x789
 *(.debug_abbrev)
 .debug_abbrev    0x000000         0x7d traps.o
 .debug_abbrev    0x00007d        0x265 dsPID33.o
 .debug_abbrev    0x0002e2        0x110 dsPid33_settings.o
 .debug_abbrev    0x0003f2        0x1bc DEE Emulation 16-bit.o
 .debug_abbrev    0x0005ae         0x14 Flash Operations.o
 .debug_abbrev    0x0005c2        0x1c7 com.o

.debug_line       0x000000       0x385f
 *(.debug_line)
 .debug_line      0x000000        0x17f traps.o
 .debug_line      0x00017f       0x1e62 dsPID33.o
 .debug_line      0x001fe1        0x53b dsPid33_settings.o
 .debug_line      0x00251c        0x974 DEE Emulation 16-bit.o
 .debug_line      0x002e90         0x5b Flash Operations.o
 .debug_line      0x002eeb        0x974 com.o

.debug_frame      0x000000        0x4b3
 *(.debug_frame)
 .debug_frame     0x000000         0xb7 traps.o
 .debug_frame     0x0000b7        0x277 dsPID33.o
 .debug_frame     0x00032e         0x37 dsPid33_settings.o
 .debug_frame     0x000365         0x97 DEE Emulation 16-bit.o
 .debug_frame     0x0003fc         0xb7 com.o

.debug_str        0x000000         0xf5
 *(.debug_str)
 .debug_str       0x000000         0x4a dsPID33.o
 .debug_str       0x00004a         0x16 dsPid33_settings.o
 .debug_str       0x000060         0x64 DEE Emulation 16-bit.o
 .debug_str       0x0000c4         0x31 com.o

.debug_loc
 *(.debug_loc)

.debug_macinfo
 *(.debug_macinfo)

.debug_pubnames
                  0x000000        0xbd8
 *(.debug_pubnames)
 .debug_pubnames
                  0x000000         0xc9 traps.o
 .debug_pubnames
                  0x0000c9        0x794 dsPID33.o
 .debug_pubnames
                  0x00085d         0x3b dsPid33_settings.o
 .debug_pubnames
                  0x000898         0xb4 DEE Emulation 16-bit.o
 .debug_pubnames
                  0x00094c        0x28c com.o

.debug_ranges
 *(.debug_ranges)

.debug_aranges    0x000000         0xb8
 *(.debug_aranges)
 .debug_aranges
                  0x000000         0x20 traps.o
 .debug_aranges
                  0x000020         0x20 dsPID33.o
 .debug_aranges
                  0x000040         0x20 dsPid33_settings.o
 .debug_aranges
                  0x000060         0x20 DEE Emulation 16-bit.o
 .debug_aranges
                  0x000080         0x18 Flash Operations.o
 .debug_aranges
                  0x000098         0x20 com.o

.ivt              0x000004         0xfc
                  0x000004          0x4 LONG 0x1fa8 DEFINED (__ReservedTrap0)?<code 339> (__ReservedTrap0):<code 339> (__DefaultInterrupt)
                  0x000006          0x4 LONG 0x1f2a DEFINED (__OscillatorFail)?<code 339> (__OscillatorFail):<code 339> (__DefaultInterrupt)
                  0x000008          0x4 LONG 0x1f30 DEFINED (__AddressError)?<code 339> (__AddressError):<code 339> (__DefaultInterrupt)
                  0x00000a          0x4 LONG 0x1f36 DEFINED (__StackError)?<code 339> (__StackError):<code 339> (__DefaultInterrupt)
                  0x00000c          0x4 LONG 0x1f3c DEFINED (__MathError)?<code 339> (__MathError):<code 339> (__DefaultInterrupt)
                  0x00000e          0x4 LONG 0x1f42 DEFINED (__DMACError)?<code 339> (__DMACError):<code 339> (__DefaultInterrupt)
                  0x000010          0x4 LONG 0x1fa8 DEFINED (__ReservedTrap6)?<code 339> (__ReservedTrap6):<code 339> (__DefaultInterrupt)
                  0x000012          0x4 LONG 0x1fa8 DEFINED (__ReservedTrap7)?<code 339> (__ReservedTrap7):<code 339> (__DefaultInterrupt)
                  0x000014          0x4 LONG 0x1fa8 DEFINED (__INT0Interrupt)?<code 339> (__INT0Interrupt):<code 339> (__DefaultInterrupt)
                  0x000016          0x4 LONG 0x7676 DEFINED (__IC1Interrupt)?<code 339> (__IC1Interrupt):<code 339> (__DefaultInterrupt)
                  0x000018          0x4 LONG 0x1fa8 DEFINED (__OC1Interrupt)?<code 339> (__OC1Interrupt):<code 339> (__DefaultInterrupt)
                  0x00001a          0x4 LONG 0x7576 DEFINED (__T1Interrupt)?<code 339> (__T1Interrupt):<code 339> (__DefaultInterrupt)
                  0x00001c          0x4 LONG 0x1fa8 DEFINED (__DMA0Interrupt)?<code 339> (__DMA0Interrupt):<code 339> (__DefaultInterrupt)
                  0x00001e          0x4 LONG 0x7700 DEFINED (__IC2Interrupt)?<code 339> (__IC2Interrupt):<code 339> (__DefaultInterrupt)
                  0x000020          0x4 LONG 0x1fa8 DEFINED (__OC2Interrupt)?<code 339> (__OC2Interrupt):<code 339> (__DefaultInterrupt)
                  0x000022          0x4 LONG 0x75fc DEFINED (__T2Interrupt)?<code 339> (__T2Interrupt):<code 339> (__DefaultInterrupt)
                  0x000024          0x4 LONG 0x1fa8 DEFINED (__T3Interrupt)?<code 339> (__T3Interrupt):<code 339> (__DefaultInterrupt)
                  0x000026          0x4 LONG 0x1fa8 DEFINED (__SPI1ErrInterrupt)?<code 339> (__SPI1ErrInterrupt):<code 339> (__DefaultInterrupt)
                  0x000028          0x4 LONG 0x1fa8 DEFINED (__SPI1Interrupt)?<code 339> (__SPI1Interrupt):<code 339> (__DefaultInterrupt)
                  0x00002a          0x4 LONG 0x7f96 DEFINED (__U1RXInterrupt)?<code 339> (__U1RXInterrupt):<code 339> (__DefaultInterrupt)
                  0x00002c          0x4 LONG 0x1fa8 DEFINED (__U1TXInterrupt)?<code 339> (__U1TXInterrupt):<code 339> (__DefaultInterrupt)
                  0x00002e          0x4 LONG 0x1fa8 DEFINED (__ADC1Interrupt)?<code 339> (__ADC1Interrupt):<code 339> (__DefaultInterrupt)
                  0x000030          0x4 LONG 0x1fa8 DEFINED (__DMA1Interrupt)?<code 339> (__DMA1Interrupt):<code 339> (__DefaultInterrupt)
                  0x000032          0x4 LONG 0x1fa8 DEFINED (__Interrupt15)?<code 339> (__Interrupt15):<code 339> (__DefaultInterrupt)
                  0x000034          0x4 LONG 0x1fa8 DEFINED (__SI2C1Interrupt)?<code 339> (__SI2C1Interrupt):<code 339> (__DefaultInterrupt)
                  0x000036          0x4 LONG 0x1fa8 DEFINED (__MI2C1Interrupt)?<code 339> (__MI2C1Interrupt):<code 339> (__DefaultInterrupt)
                  0x000038          0x4 LONG 0x1fa8 DEFINED (__CMPInterrupt)?<code 339> (__CMPInterrupt):<code 339> (__DefaultInterrupt)
                  0x00003a          0x4 LONG 0x1fa8 DEFINED (__CNInterrupt)?<code 339> (__CNInterrupt):<code 339> (__DefaultInterrupt)
                  0x00003c          0x4 LONG 0x1fa8 DEFINED (__INT1Interrupt)?<code 339> (__INT1Interrupt):<code 339> (__DefaultInterrupt)
                  0x00003e          0x4 LONG 0x1fa8 DEFINED (__Interrupt21)?<code 339> (__Interrupt21):<code 339> (__DefaultInterrupt)
                  0x000040          0x4 LONG 0x1fa8 DEFINED (__IC7Interrupt)?<code 339> (__IC7Interrupt):<code 339> (__DefaultInterrupt)
                  0x000042          0x4 LONG 0x1fa8 DEFINED (__IC8Interrupt)?<code 339> (__IC8Interrupt):<code 339> (__DefaultInterrupt)
                  0x000044          0x4 LONG 0x1fa8 DEFINED (__DMA2Interrupt)?<code 339> (__DMA2Interrupt):<code 339> (__DefaultInterrupt)
                  0x000046          0x4 LONG 0x1fa8 DEFINED (__OC3Interrupt)?<code 339> (__OC3Interrupt):<code 339> (__DefaultInterrupt)
                  0x000048          0x4 LONG 0x1fa8 DEFINED (__OC4Interrupt)?<code 339> (__OC4Interrupt):<code 339> (__DefaultInterrupt)
                  0x00004a          0x4 LONG 0x1fa8 DEFINED (__T4Interrupt)?<code 339> (__T4Interrupt):<code 339> (__DefaultInterrupt)
                  0x00004c          0x4 LONG 0x1fa8 DEFINED (__T5Interrupt)?<code 339> (__T5Interrupt):<code 339> (__DefaultInterrupt)
                  0x00004e          0x4 LONG 0x1fa8 DEFINED (__INT2Interrupt)?<code 339> (__INT2Interrupt):<code 339> (__DefaultInterrupt)
                  0x000050          0x4 LONG 0x8046 DEFINED (__U2RXInterrupt)?<code 339> (__U2RXInterrupt):<code 339> (__DefaultInterrupt)
                  0x000052          0x4 LONG 0x1fa8 DEFINED (__U2TXInterrupt)?<code 339> (__U2TXInterrupt):<code 339> (__DefaultInterrupt)
                  0x000054          0x4 LONG 0x1fa8 DEFINED (__SPI2ErrInterrupt)?<code 339> (__SPI2ErrInterrupt):<code 339> (__DefaultInterrupt)
                  0x000056          0x4 LONG 0x1fa8 DEFINED (__SPI2Interrupt)?<code 339> (__SPI2Interrupt):<code 339> (__DefaultInterrupt)
                  0x000058          0x4 LONG 0x1fa8 DEFINED (__C1RxRdyInterrupt)?<code 339> (__C1RxRdyInterrupt):<code 339> (__DefaultInterrupt)
                  0x00005a          0x4 LONG 0x1fa8 DEFINED (__C1Interrupt)?<code 339> (__C1Interrupt):<code 339> (__DefaultInterrupt)
                  0x00005c          0x4 LONG 0x1fa8 DEFINED (__DMA3Interrupt)?<code 339> (__DMA3Interrupt):<code 339> (__DefaultInterrupt)
                  0x00005e          0x4 LONG 0x1fa8 DEFINED (__Interrupt37)?<code 339> (__Interrupt37):<code 339> (__DefaultInterrupt)
                  0x000060          0x4 LONG 0x1fa8 DEFINED (__Interrupt38)?<code 339> (__Interrupt38):<code 339> (__DefaultInterrupt)
                  0x000062          0x4 LONG 0x1fa8 DEFINED (__Interrupt39)?<code 339> (__Interrupt39):<code 339> (__DefaultInterrupt)
                  0x000064          0x4 LONG 0x1fa8 DEFINED (__Interrupt40)?<code 339> (__Interrupt40):<code 339> (__DefaultInterrupt)
                  0x000066          0x4 LONG 0x1fa8 DEFINED (__Interrupt41)?<code 339> (__Interrupt41):<code 339> (__DefaultInterrupt)
                  0x000068          0x4 LONG 0x1fa8 DEFINED (__Interrupt42)?<code 339> (__Interrupt42):<code 339> (__DefaultInterrupt)
                  0x00006a          0x4 LONG 0x1fa8 DEFINED (__Interrupt43)?<code 339> (__Interrupt43):<code 339> (__DefaultInterrupt)
                  0x00006c          0x4 LONG 0x1fa8 DEFINED (__Interrupt44)?<code 339> (__Interrupt44):<code 339> (__DefaultInterrupt)
                  0x00006e          0x4 LONG 0x1fa8 DEFINED (__PMPInterrupt)?<code 339> (__PMPInterrupt):<code 339> (__DefaultInterrupt)
                  0x000070          0x4 LONG 0x1fa8 DEFINED (__DMA4Interrupt)?<code 339> (__DMA4Interrupt):<code 339> (__DefaultInterrupt)
                  0x000072          0x4 LONG 0x1fa8 DEFINED (__Interrupt47)?<code 339> (__Interrupt47):<code 339> (__DefaultInterrupt)
                  0x000074          0x4 LONG 0x1fa8 DEFINED (__Interrupt48)?<code 339> (__Interrupt48):<code 339> (__DefaultInterrupt)
                  0x000076          0x4 LONG 0x1fa8 DEFINED (__Interrupt49)?<code 339> (__Interrupt49):<code 339> (__DefaultInterrupt)
                  0x000078          0x4 LONG 0x1fa8 DEFINED (__Interrupt50)?<code 339> (__Interrupt50):<code 339> (__DefaultInterrupt)
                  0x00007a          0x4 LONG 0x1fa8 DEFINED (__Interrupt51)?<code 339> (__Interrupt51):<code 339> (__DefaultInterrupt)
                  0x00007c          0x4 LONG 0x1fa8 DEFINED (__Interrupt52)?<code 339> (__Interrupt52):<code 339> (__DefaultInterrupt)
                  0x00007e          0x4 LONG 0x1fa8 DEFINED (__Interrupt53)?<code 339> (__Interrupt53):<code 339> (__DefaultInterrupt)
                  0x000080          0x4 LONG 0x1fa8 DEFINED (__Interrupt54)?<code 339> (__Interrupt54):<code 339> (__DefaultInterrupt)
                  0x000082          0x4 LONG 0x1fa8 DEFINED (__Interrupt55)?<code 339> (__Interrupt55):<code 339> (__DefaultInterrupt)
                  0x000084          0x4 LONG 0x1fa8 DEFINED (__Interrupt56)?<code 339> (__Interrupt56):<code 339> (__DefaultInterrupt)
                  0x000086          0x4 LONG 0x1fa8 DEFINED (__MPWM1Interrupt)?<code 339> (__MPWM1Interrupt):<code 339> (__DefaultInterrupt)
                  0x000088          0x4 LONG 0x1fa8 DEFINED (__QEI1Interrupt)?<code 339> (__QEI1Interrupt):<code 339> (__DefaultInterrupt)
                  0x00008a          0x4 LONG 0x1fa8 DEFINED (__Interrupt59)?<code 339> (__Interrupt59):<code 339> (__DefaultInterrupt)
                  0x00008c          0x4 LONG 0x1fa8 DEFINED (__Interrupt60)?<code 339> (__Interrupt60):<code 339> (__DefaultInterrupt)
                  0x00008e          0x4 LONG 0x765c DEFINED (__DMA5Interrupt)?<code 339> (__DMA5Interrupt):<code 339> (__DefaultInterrupt)
                  0x000090          0x4 LONG 0x1fa8 DEFINED (__RTCCInterrupt)?<code 339> (__RTCCInterrupt):<code 339> (__DefaultInterrupt)
                  0x000092          0x4 LONG 0x1fa8 DEFINED (__FLTA1Interrupt)?<code 339> (__FLTA1Interrupt):<code 339> (__DefaultInterrupt)
                  0x000094          0x4 LONG 0x1fa8 DEFINED (__Interrupt64)?<code 339> (__Interrupt64):<code 339> (__DefaultInterrupt)
                  0x000096          0x4 LONG 0x7788 DEFINED (__U1ErrInterrupt)?<code 339> (__U1ErrInterrupt):<code 339> (__DefaultInterrupt)
                  0x000098          0x4 LONG 0x7790 DEFINED (__U2ErrInterrupt)?<code 339> (__U2ErrInterrupt):<code 339> (__DefaultInterrupt)
                  0x00009a          0x4 LONG 0x1fa8 DEFINED (__CRCInterrupt)?<code 339> (__CRCInterrupt):<code 339> (__DefaultInterrupt)
                  0x00009c          0x4 LONG 0x7642 DEFINED (__DMA6Interrupt)?<code 339> (__DMA6Interrupt):<code 339> (__DefaultInterrupt)
                  0x00009e          0x4 LONG 0x7628 DEFINED (__DMA7Interrupt)?<code 339> (__DMA7Interrupt):<code 339> (__DefaultInterrupt)
                  0x0000a0          0x4 LONG 0x1fa8 DEFINED (__C1TxReqInterrupt)?<code 339> (__C1TxReqInterrupt):<code 339> (__DefaultInterrupt)
                  0x0000a2          0x4 LONG 0x1fa8 DEFINED (__Interrupt71)?<code 339> (__Interrupt71):<code 339> (__DefaultInterrupt)
                  0x0000a4          0x4 LONG 0x1fa8 DEFINED (__Interrupt72)?<code 339> (__Interrupt72):<code 339> (__DefaultInterrupt)
                  0x0000a6          0x4 LONG 0x1fa8 DEFINED (__MPWM2Interrupt)?<code 339> (__MPWM2Interrupt):<code 339> (__DefaultInterrupt)
                  0x0000a8          0x4 LONG 0x1fa8 DEFINED (__FLTA2Interrupt)?<code 339> (__FLTA2Interrupt):<code 339> (__DefaultInterrupt)
                  0x0000aa          0x4 LONG 0x1fa8 DEFINED (__QEI2Interrupt)?<code 339> (__QEI2Interrupt):<code 339> (__DefaultInterrupt)
                  0x0000ac          0x4 LONG 0x1fa8 DEFINED (__Interrupt76)?<code 339> (__Interrupt76):<code 339> (__DefaultInterrupt)
                  0x0000ae          0x4 LONG 0x1fa8 DEFINED (__Interrupt77)?<code 339> (__Interrupt77):<code 339> (__DefaultInterrupt)
                  0x0000b0          0x4 LONG 0x1fa8 DEFINED (__Interrupt78)?<code 339> (__Interrupt78):<code 339> (__DefaultInterrupt)
                  0x0000b2          0x4 LONG 0x1fa8 DEFINED (__Interrupt79)?<code 339> (__Interrupt79):<code 339> (__DefaultInterrupt)
                  0x0000b4          0x4 LONG 0x1fa8 DEFINED (__Interrupt80)?<code 339> (__Interrupt80):<code 339> (__DefaultInterrupt)
                  0x0000b6          0x4 LONG 0x1fa8 DEFINED (__Interrupt81)?<code 339> (__Interrupt81):<code 339> (__DefaultInterrupt)
                  0x0000b8          0x4 LONG 0x1fa8 DEFINED (__Interrupt82)?<code 339> (__Interrupt82):<code 339> (__DefaultInterrupt)
                  0x0000ba          0x4 LONG 0x1fa8 DEFINED (__Interrupt83)?<code 339> (__Interrupt83):<code 339> (__DefaultInterrupt)
                  0x0000bc          0x4 LONG 0x1fa8 DEFINED (__Interrupt84)?<code 339> (__Interrupt84):<code 339> (__DefaultInterrupt)
                  0x0000be          0x4 LONG 0x1fa8 DEFINED (__Interrupt85)?<code 339> (__Interrupt85):<code 339> (__DefaultInterrupt)
                  0x0000c0          0x4 LONG 0x1fa8 DEFINED (__Interrupt86)?<code 339> (__Interrupt86):<code 339> (__DefaultInterrupt)
                  0x0000c2          0x4 LONG 0x1fa8 DEFINED (__Interrupt87)?<code 339> (__Interrupt87):<code 339> (__DefaultInterrupt)
                  0x0000c4          0x4 LONG 0x1fa8 DEFINED (__Interrupt88)?<code 339> (__Interrupt88):<code 339> (__DefaultInterrupt)
                  0x0000c6          0x4 LONG 0x1fa8 DEFINED (__Interrupt89)?<code 339> (__Interrupt89):<code 339> (__DefaultInterrupt)
                  0x0000c8          0x4 LONG 0x1fa8 DEFINED (__Interrupt90)?<code 339> (__Interrupt90):<code 339> (__DefaultInterrupt)
                  0x0000ca          0x4 LONG 0x1fa8 DEFINED (__Interrupt91)?<code 339> (__Interrupt91):<code 339> (__DefaultInterrupt)
                  0x0000cc          0x4 LONG 0x1fa8 DEFINED (__Interrupt92)?<code 339> (__Interrupt92):<code 339> (__DefaultInterrupt)
                  0x0000ce          0x4 LONG 0x1fa8 DEFINED (__Interrupt93)?<code 339> (__Interrupt93):<code 339> (__DefaultInterrupt)
                  0x0000d0          0x4 LONG 0x1fa8 DEFINED (__Interrupt94)?<code 339> (__Interrupt94):<code 339> (__DefaultInterrupt)
                  0x0000d2          0x4 LONG 0x1fa8 DEFINED (__Interrupt95)?<code 339> (__Interrupt95):<code 339> (__DefaultInterrupt)
                  0x0000d4          0x4 LONG 0x1fa8 DEFINED (__Interrupt96)?<code 339> (__Interrupt96):<code 339> (__DefaultInterrupt)
                  0x0000d6          0x4 LONG 0x1fa8 DEFINED (__Interrupt97)?<code 339> (__Interrupt97):<code 339> (__DefaultInterrupt)
                  0x0000d8          0x4 LONG 0x1fa8 DEFINED (__Interrupt98)?<code 339> (__Interrupt98):<code 339> (__DefaultInterrupt)
                  0x0000da          0x4 LONG 0x1fa8 DEFINED (__Interrupt99)?<code 339> (__Interrupt99):<code 339> (__DefaultInterrupt)
                  0x0000dc          0x4 LONG 0x1fa8 DEFINED (__Interrupt100)?<code 339> (__Interrupt100):<code 339> (__DefaultInterrupt)
                  0x0000de          0x4 LONG 0x1fa8 DEFINED (__Interrupt101)?<code 339> (__Interrupt101):<code 339> (__DefaultInterrupt)
                  0x0000e0          0x4 LONG 0x1fa8 DEFINED (__Interrupt102)?<code 339> (__Interrupt102):<code 339> (__DefaultInterrupt)
                  0x0000e2          0x4 LONG 0x1fa8 DEFINED (__Interrupt103)?<code 339> (__Interrupt103):<code 339> (__DefaultInterrupt)
                  0x0000e4          0x4 LONG 0x1fa8 DEFINED (__Interrupt104)?<code 339> (__Interrupt104):<code 339> (__DefaultInterrupt)
                  0x0000e6          0x4 LONG 0x1fa8 DEFINED (__Interrupt105)?<code 339> (__Interrupt105):<code 339> (__DefaultInterrupt)
                  0x0000e8          0x4 LONG 0x1fa8 DEFINED (__Interrupt106)?<code 339> (__Interrupt106):<code 339> (__DefaultInterrupt)
                  0x0000ea          0x4 LONG 0x1fa8 DEFINED (__Interrupt107)?<code 339> (__Interrupt107):<code 339> (__DefaultInterrupt)
                  0x0000ec          0x4 LONG 0x1fa8 DEFINED (__Interrupt108)?<code 339> (__Interrupt108):<code 339> (__DefaultInterrupt)
                  0x0000ee          0x4 LONG 0x1fa8 DEFINED (__Interrupt109)?<code 339> (__Interrupt109):<code 339> (__DefaultInterrupt)
                  0x0000f0          0x4 LONG 0x1fa8 DEFINED (__Interrupt110)?<code 339> (__Interrupt110):<code 339> (__DefaultInterrupt)
                  0x0000f2          0x4 LONG 0x1fa8 DEFINED (__Interrupt111)?<code 339> (__Interrupt111):<code 339> (__DefaultInterrupt)
                  0x0000f4          0x4 LONG 0x1fa8 DEFINED (__Interrupt112)?<code 339> (__Interrupt112):<code 339> (__DefaultInterrupt)
                  0x0000f6          0x4 LONG 0x1fa8 DEFINED (__Interrupt113)?<code 339> (__Interrupt113):<code 339> (__DefaultInterrupt)
                  0x0000f8          0x4 LONG 0x1fa8 DEFINED (__Interrupt114)?<code 339> (__Interrupt114):<code 339> (__DefaultInterrupt)
                  0x0000fa          0x4 LONG 0x1fa8 DEFINED (__Interrupt115)?<code 339> (__Interrupt115):<code 339> (__DefaultInterrupt)
                  0x0000fc          0x4 LONG 0x1fa8 DEFINED (__Interrupt116)?<code 339> (__Interrupt116):<code 339> (__DefaultInterrupt)
                  0x0000fe          0x4 LONG 0x1fa8 DEFINED (__Interrupt117)?<code 339> (__Interrupt117):<code 339> (__DefaultInterrupt)

.aivt             0x000104         0xfc
                  0x000104          0x4 LONG 0x1fa8 DEFINED (__AltReservedTrap0)?<code 339> (__AltReservedTrap0):DEFINED (__ReservedTrap0)?<code 339> (__ReservedTrap0):<code 339> (__DefaultInterrupt)
                  0x000106          0x4 LONG 0x1f48 DEFINED (__AltOscillatorFail)?<code 339> (__AltOscillatorFail):DEFINED (__OscillatorFail)?<code 339> (__OscillatorFail):<code 339> (__DefaultInterrupt)
                  0x000108          0x4 LONG 0x1f4e DEFINED (__AltAddressError)?<code 339> (__AltAddressError):DEFINED (__AddressError)?<code 339> (__AddressError):<code 339> (__DefaultInterrupt)
                  0x00010a          0x4 LONG 0x1f54 DEFINED (__AltStackError)?<code 339> (__AltStackError):DEFINED (__StackError)?<code 339> (__StackError):<code 339> (__DefaultInterrupt)
                  0x00010c          0x4 LONG 0x1f5a DEFINED (__AltMathError)?<code 339> (__AltMathError):DEFINED (__MathError)?<code 339> (__MathError):<code 339> (__DefaultInterrupt)
                  0x00010e          0x4 LONG 0x1f60 DEFINED (__AltDMACError)?<code 339> (__AltDMACError):DEFINED (__DMACError)?<code 339> (__DMACError):<code 339> (__DefaultInterrupt)
                  0x000110          0x4 LONG 0x1fa8 DEFINED (__AltReservedTrap6)?<code 339> (__AltReservedTrap6):DEFINED (__ReservedTrap6)?<code 339> (__ReservedTrap6):<code 339> (__DefaultInterrupt)
                  0x000112          0x4 LONG 0x1fa8 DEFINED (__AltReservedTrap7)?<code 339> (__AltReservedTrap7):DEFINED (__ReservedTrap7)?<code 339> (__ReservedTrap7):<code 339> (__DefaultInterrupt)
                  0x000114          0x4 LONG 0x1fa8 DEFINED (__AltINT0Interrupt)?<code 339> (__AltINT0Interrupt):DEFINED (__INT0Interrupt)?<code 339> (__INT0Interrupt):<code 339> (__DefaultInterrupt)
                  0x000116          0x4 LONG 0x7676 DEFINED (__AltIC1Interrupt)?<code 339> (__AltIC1Interrupt):DEFINED (__IC1Interrupt)?<code 339> (__IC1Interrupt):<code 339> (__DefaultInterrupt)
                  0x000118          0x4 LONG 0x1fa8 DEFINED (__AltOC1Interrupt)?<code 339> (__AltOC1Interrupt):DEFINED (__OC1Interrupt)?<code 339> (__OC1Interrupt):<code 339> (__DefaultInterrupt)
                  0x00011a          0x4 LONG 0x7576 DEFINED (__AltT1Interrupt)?<code 339> (__AltT1Interrupt):DEFINED (__T1Interrupt)?<code 339> (__T1Interrupt):<code 339> (__DefaultInterrupt)
                  0x00011c          0x4 LONG 0x1fa8 DEFINED (__AltDMA0Interrupt)?<code 339> (__AltDMA0Interrupt):DEFINED (__DMA0Interrupt)?<code 339> (__DMA0Interrupt):<code 339> (__DefaultInterrupt)
                  0x00011e          0x4 LONG 0x7700 DEFINED (__AltIC2Interrupt)?<code 339> (__AltIC2Interrupt):DEFINED (__IC2Interrupt)?<code 339> (__IC2Interrupt):<code 339> (__DefaultInterrupt)
                  0x000120          0x4 LONG 0x1fa8 DEFINED (__AltOC2Interrupt)?<code 339> (__AltOC2Interrupt):DEFINED (__OC2Interrupt)?<code 339> (__OC2Interrupt):<code 339> (__DefaultInterrupt)
                  0x000122          0x4 LONG 0x75fc DEFINED (__AltT2Interrupt)?<code 339> (__AltT2Interrupt):DEFINED (__T2Interrupt)?<code 339> (__T2Interrupt):<code 339> (__DefaultInterrupt)
                  0x000124          0x4 LONG 0x1fa8 DEFINED (__AltT3Interrupt)?<code 339> (__AltT3Interrupt):DEFINED (__T3Interrupt)?<code 339> (__T3Interrupt):<code 339> (__DefaultInterrupt)
                  0x000126          0x4 LONG 0x1fa8 DEFINED (__AltSPI1ErrInterrupt)?<code 339> (__AltSPI1ErrInterrupt):DEFINED (__SPI1ErrInterrupt)?<code 339> (__SPI1ErrInterrupt):<code 339> (__DefaultInterrupt)
                  0x000128          0x4 LONG 0x1fa8 DEFINED (__AltSPI1Interrupt)?<code 339> (__AltSPI1Interrupt):DEFINED (__SPI1Interrupt)?<code 339> (__SPI1Interrupt):<code 339> (__DefaultInterrupt)
                  0x00012a          0x4 LONG 0x7f96 DEFINED (__AltU1RXInterrupt)?<code 339> (__AltU1RXInterrupt):DEFINED (__U1RXInterrupt)?<code 339> (__U1RXInterrupt):<code 339> (__DefaultInterrupt)
                  0x00012c          0x4 LONG 0x1fa8 DEFINED (__AltU1TXInterrupt)?<code 339> (__AltU1TXInterrupt):DEFINED (__U1TXInterrupt)?<code 339> (__U1TXInterrupt):<code 339> (__DefaultInterrupt)
                  0x00012e          0x4 LONG 0x1fa8 DEFINED (__AltADC1Interrupt)?<code 339> (__AltADC1Interrupt):DEFINED (__ADC1Interrupt)?<code 339> (__ADC1Interrupt):<code 339> (__DefaultInterrupt)
                  0x000130          0x4 LONG 0x1fa8 DEFINED (__AltDMA1Interrupt)?<code 339> (__AltDMA1Interrupt):DEFINED (__DMA1Interrupt)?<code 339> (__DMA1Interrupt):<code 339> (__DefaultInterrupt)
                  0x000132          0x4 LONG 0x1fa8 DEFINED (__AltInterrupt15)?<code 339> (__AltInterrupt15):DEFINED (__Interrupt15)?<code 339> (__Interrupt15):<code 339> (__DefaultInterrupt)
                  0x000134          0x4 LONG 0x1fa8 DEFINED (__AltSI2C1Interrupt)?<code 339> (__AltSI2C1Interrupt):DEFINED (__SI2C1Interrupt)?<code 339> (__SI2C1Interrupt):<code 339> (__DefaultInterrupt)
                  0x000136          0x4 LONG 0x1fa8 DEFINED (__AltMI2C1Interrupt)?<code 339> (__AltMI2C1Interrupt):DEFINED (__MI2C1Interrupt)?<code 339> (__MI2C1Interrupt):<code 339> (__DefaultInterrupt)
                  0x000138          0x4 LONG 0x1fa8 DEFINED (__AltCMPInterrupt)?<code 339> (__AltCMPInterrupt):DEFINED (__CMPInterrupt)?<code 339> (__CMPInterrupt):<code 339> (__DefaultInterrupt)
                  0x00013a          0x4 LONG 0x1fa8 DEFINED (__AltCNInterrupt)?<code 339> (__AltCNInterrupt):DEFINED (__CNInterrupt)?<code 339> (__CNInterrupt):<code 339> (__DefaultInterrupt)
                  0x00013c          0x4 LONG 0x1fa8 DEFINED (__AltINT1Interrupt)?<code 339> (__AltINT1Interrupt):DEFINED (__INT1Interrupt)?<code 339> (__INT1Interrupt):<code 339> (__DefaultInterrupt)
                  0x00013e          0x4 LONG 0x1fa8 DEFINED (__AltInterrupt21)?<code 339> (__AltInterrupt21):DEFINED (__Interrupt21)?<code 339> (__Interrupt21):<code 339> (__DefaultInterrupt)
                  0x000140          0x4 LONG 0x1fa8 DEFINED (__AltIC7Interrupt)?<code 339> (__AltIC7Interrupt):DEFINED (__IC7Interrupt)?<code 339> (__IC7Interrupt):<code 339> (__DefaultInterrupt)
                  0x000142          0x4 LONG 0x1fa8 DEFINED (__AltIC8Interrupt)?<code 339> (__AltIC8Interrupt):DEFINED (__IC8Interrupt)?<code 339> (__IC8Interrupt):<code 339> (__DefaultInterrupt)
                  0x000144          0x4 LONG 0x1fa8 DEFINED (__AltDMA2Interrupt)?<code 339> (__AltDMA2Interrupt):DEFINED (__DMA2Interrupt)?<code 339> (__DMA2Interrupt):<code 339> (__DefaultInterrupt)
                  0x000146          0x4 LONG 0x1fa8 DEFINED (__AltOC3Interrupt)?<code 339> (__AltOC3Interrupt):DEFINED (__OC3Interrupt)?<code 339> (__OC3Interrupt):<code 339> (__DefaultInterrupt)
                  0x000148          0x4 LONG 0x1fa8 DEFINED (__AltOC4Interrupt)?<code 339> (__AltOC4Interrupt):DEFINED (__OC4Interrupt)?<code 339> (__OC4Interrupt):<code 339> (__DefaultInterrupt)
                  0x00014a          0x4 LONG 0x1fa8 DEFINED (__AltT4Interrupt)?<code 339> (__AltT4Interrupt):DEFINED (__T4Interrupt)?<code 339> (__T4Interrupt):<code 339> (__DefaultInterrupt)
                  0x00014c          0x4 LONG 0x1fa8 DEFINED (__AltT5Interrupt)?<code 339> (__AltT5Interrupt):DEFINED (__T5Interrupt)?<code 339> (__T5Interrupt):<code 339> (__DefaultInterrupt)
                  0x00014e          0x4 LONG 0x1fa8 DEFINED (__AltINT2Interrupt)?<code 339> (__AltINT2Interrupt):DEFINED (__INT2Interrupt)?<code 339> (__INT2Interrupt):<code 339> (__DefaultInterrupt)
                  0x000150          0x4 LONG 0x8046 DEFINED (__AltU2RXInterrupt)?<code 339> (__AltU2RXInterrupt):DEFINED (__U2RXInterrupt)?<code 339> (__U2RXInterrupt):<code 339> (__DefaultInterrupt)
                  0x000152          0x4 LONG 0x1fa8 DEFINED (__AltU2TXInterrupt)?<code 339> (__AltU2TXInterrupt):DEFINED (__U2TXInterrupt)?<code 339> (__U2TXInterrupt):<code 339> (__DefaultInterrupt)
                  0x000154          0x4 LONG 0x1fa8 DEFINED (__AltSPI2ErrInterrupt)?<code 339> (__AltSPI2ErrInterrupt):DEFINED (__SPI2ErrInterrupt)?<code 339> (__SPI2ErrInterrupt):<code 339> (__DefaultInterrupt)
                  0x000156          0x4 LONG 0x1fa8 DEFINED (__AltSPI2Interrupt)?<code 339> (__AltSPI2Interrupt):DEFINED (__SPI2Interrupt)?<code 339> (__SPI2Interrupt):<code 339> (__DefaultInterrupt)
                  0x000158          0x4 LONG 0x1fa8 DEFINED (__AltC1RxRdyInterrupt)?<code 339> (__AltC1RxRdyInterrupt):DEFINED (__C1RxRdyInterrupt)?<code 339> (__C1RxRdyInterrupt):<code 339> (__DefaultInterrupt)
                  0x00015a          0x4 LONG 0x1fa8 DEFINED (__AltC1Interrupt)?<code 339> (__AltC1Interrupt):DEFINED (__C1Interrupt)?<code 339> (__C1Interrupt):<code 339> (__DefaultInterrupt)
                  0x00015c          0x4 LONG 0x1fa8 DEFINED (__AltDMA3Interrupt)?<code 339> (__AltDMA3Interrupt):DEFINED (__DMA3Interrupt)?<code 339> (__DMA3Interrupt):<code 339> (__DefaultInterrupt)
                  0x00015e          0x4 LONG 0x1fa8 DEFINED (__AltInterrupt37)?<code 339> (__AltInterrupt37):DEFINED (__Interrupt37)?<code 339> (__Interrupt37):<code 339> (__DefaultInterrupt)
                  0x000160          0x4 LONG 0x1fa8 DEFINED (__AltInterrupt38)?<code 339> (__AltInterrupt38):DEFINED (__Interrupt38)?<code 339> (__Interrupt38):<code 339> (__DefaultInterrupt)
                  0x000162          0x4 LONG 0x1fa8 DEFINED (__AltInterrupt39)?<code 339> (__AltInterrupt39):DEFINED (__Interrupt39)?<code 339> (__Interrupt39):<code 339> (__DefaultInterrupt)
                  0x000164          0x4 LONG 0x1fa8 DEFINED (__AltInterrupt40)?<code 339> (__AltInterrupt40):DEFINED (__Interrupt40)?<code 339> (__Interrupt40):<code 339> (__DefaultInterrupt)
                  0x000166          0x4 LONG 0x1fa8 DEFINED (__AltInterrupt41)?<code 339> (__AltInterrupt41):DEFINED (__Interrupt41)?<code 339> (__Interrupt41):<code 339> (__DefaultInterrupt)
                  0x000168          0x4 LONG 0x1fa8 DEFINED (__AltInterrupt42)?<code 339> (__AltInterrupt42):DEFINED (__Interrupt42)?<code 339> (__Interrupt42):<code 339> (__DefaultInterrupt)
                  0x00016a          0x4 LONG 0x1fa8 DEFINED (__AltInterrupt43)?<code 339> (__AltInterrupt43):DEFINED (__Interrupt43)?<code 339> (__Interrupt43):<code 339> (__DefaultInterrupt)
                  0x00016c          0x4 LONG 0x1fa8 DEFINED (__AltInterrupt44)?<code 339> (__AltInterrupt44):DEFINED (__Interrupt44)?<code 339> (__Interrupt44):<code 339> (__DefaultInterrupt)
                  0x00016e          0x4 LONG 0x1fa8 DEFINED (__AltPMPInterrupt)?<code 339> (__AltPMPInterrupt):DEFINED (__PMPInterrupt)?<code 339> (__PMPInterrupt):<code 339> (__DefaultInterrupt)
                  0x000170          0x4 LONG 0x1fa8 DEFINED (__AltDMA4Interrupt)?<code 339> (__AltDMA4Interrupt):DEFINED (__DMA4Interrupt)?<code 339> (__DMA4Interrupt):<code 339> (__DefaultInterrupt)
                  0x000172          0x4 LONG 0x1fa8 DEFINED (__AltInterrupt47)?<code 339> (__AltInterrupt47):DEFINED (__Interrupt47)?<code 339> (__Interrupt47):<code 339> (__DefaultInterrupt)
                  0x000174          0x4 LONG 0x1fa8 DEFINED (__AltInterrupt48)?<code 339> (__AltInterrupt48):DEFINED (__Interrupt48)?<code 339> (__Interrupt48):<code 339> (__DefaultInterrupt)
                  0x000176          0x4 LONG 0x1fa8 DEFINED (__AltInterrupt49)?<code 339> (__AltInterrupt49):DEFINED (__Interrupt49)?<code 339> (__Interrupt49):<code 339> (__DefaultInterrupt)
                  0x000178          0x4 LONG 0x1fa8 DEFINED (__AltInterrupt50)?<code 339> (__AltInterrupt50):DEFINED (__Interrupt50)?<code 339> (__Interrupt50):<code 339> (__DefaultInterrupt)
                  0x00017a          0x4 LONG 0x1fa8 DEFINED (__AltInterrupt51)?<code 339> (__AltInterrupt51):DEFINED (__Interrupt51)?<code 339> (__Interrupt51):<code 339> (__DefaultInterrupt)
                  0x00017c          0x4 LONG 0x1fa8 DEFINED (__AltInterrupt52)?<code 339> (__AltInterrupt52):DEFINED (__Interrupt52)?<code 339> (__Interrupt52):<code 339> (__DefaultInterrupt)
                  0x00017e          0x4 LONG 0x1fa8 DEFINED (__AltInterrupt53)?<code 339> (__AltInterrupt53):DEFINED (__Interrupt53)?<code 339> (__Interrupt53):<code 339> (__DefaultInterrupt)
                  0x000180          0x4 LONG 0x1fa8 DEFINED (__AltInterrupt54)?<code 339> (__AltInterrupt54):DEFINED (__Interrupt54)?<code 339> (__Interrupt54):<code 339> (__DefaultInterrupt)
                  0x000182          0x4 LONG 0x1fa8 DEFINED (__AltInterrupt55)?<code 339> (__AltInterrupt55):DEFINED (__Interrupt55)?<code 339> (__Interrupt55):<code 339> (__DefaultInterrupt)
                  0x000184          0x4 LONG 0x1fa8 DEFINED (__AltInterrupt56)?<code 339> (__AltInterrupt56):DEFINED (__Interrupt56)?<code 339> (__Interrupt56):<code 339> (__DefaultInterrupt)
                  0x000186          0x4 LONG 0x1fa8 DEFINED (__AltMPWM1Interrupt)?<code 339> (__AltMPWM1Interrupt):DEFINED (__MPWM1Interrupt)?<code 339> (__MPWM1Interrupt):<code 339> (__DefaultInterrupt)
                  0x000188          0x4 LONG 0x1fa8 DEFINED (__AltQEI1Interrupt)?<code 339> (__AltQEI1Interrupt):DEFINED (__QEI1Interrupt)?<code 339> (__QEI1Interrupt):<code 339> (__DefaultInterrupt)
                  0x00018a          0x4 LONG 0x1fa8 DEFINED (__AltInterrupt59)?<code 339> (__AltInterrupt59):DEFINED (__Interrupt59)?<code 339> (__Interrupt59):<code 339> (__DefaultInterrupt)
                  0x00018c          0x4 LONG 0x1fa8 DEFINED (__AltInterrupt60)?<code 339> (__AltInterrupt60):DEFINED (__Interrupt60)?<code 339> (__Interrupt60):<code 339> (__DefaultInterrupt)
                  0x00018e          0x4 LONG 0x765c DEFINED (__AltDMA5Interrupt)?<code 339> (__AltDMA5Interrupt):DEFINED (__DMA5Interrupt)?<code 339> (__DMA5Interrupt):<code 339> (__DefaultInterrupt)
                  0x000190          0x4 LONG 0x1fa8 DEFINED (__AltRTCCInterrupt)?<code 339> (__AltRTCCInterrupt):DEFINED (__RTCCInterrupt)?<code 339> (__RTCCInterrupt):<code 339> (__DefaultInterrupt)
                  0x000192          0x4 LONG 0x1fa8 DEFINED (__AltFLTA1Interrupt)?<code 339> (__AltFLTA1Interrupt):DEFINED (__FLTA1Interrupt)?<code 339> (__FLTA1Interrupt):<code 339> (__DefaultInterrupt)
                  0x000194          0x4 LONG 0x1fa8 DEFINED (__AltInterrupt64)?<code 339> (__AltInterrupt64):DEFINED (__Interrupt64)?<code 339> (__Interrupt64):<code 339> (__DefaultInterrupt)
                  0x000196          0x4 LONG 0x7788 DEFINED (__AltU1ErrInterrupt)?<code 339> (__AltU1ErrInterrupt):DEFINED (__U1ErrInterrupt)?<code 339> (__U1ErrInterrupt):<code 339> (__DefaultInterrupt)
                  0x000198          0x4 LONG 0x7790 DEFINED (__AltU2ErrInterrupt)?<code 339> (__AltU2ErrInterrupt):DEFINED (__U2ErrInterrupt)?<code 339> (__U2ErrInterrupt):<code 339> (__DefaultInterrupt)
                  0x00019a          0x4 LONG 0x1fa8 DEFINED (__AltCRCInterrupt)?<code 339> (__AltCRCInterrupt):DEFINED (__CRCInterrupt)?<code 339> (__CRCInterrupt):<code 339> (__DefaultInterrupt)
                  0x00019c          0x4 LONG 0x7642 DEFINED (__AltDMA6Interrupt)?<code 339> (__AltDMA6Interrupt):DEFINED (__DMA6Interrupt)?<code 339> (__DMA6Interrupt):<code 339> (__DefaultInterrupt)
                  0x00019e          0x4 LONG 0x7628 DEFINED (__AltDMA7Interrupt)?<code 339> (__AltDMA7Interrupt):DEFINED (__DMA7Interrupt)?<code 339> (__DMA7Interrupt):<code 339> (__DefaultInterrupt)
                  0x0001a0          0x4 LONG 0x1fa8 DEFINED (__AltC1TxReqInterrupt)?<code 339> (__AltC1TxReqInterrupt):DEFINED (__C1TxReqInterrupt)?<code 339> (__C1TxReqInterrupt):<code 339> (__DefaultInterrupt)
                  0x0001a2          0x4 LONG 0x1fa8 DEFINED (__AltInterrupt71)?<code 339> (__AltInterrupt71):DEFINED (__Interrupt71)?<code 339> (__Interrupt71):<code 339> (__DefaultInterrupt)
                  0x0001a4          0x4 LONG 0x1fa8 DEFINED (__AltInterrupt72)?<code 339> (__AltInterrupt72):DEFINED (__Interrupt72)?<code 339> (__Interrupt72):<code 339> (__DefaultInterrupt)
                  0x0001a6          0x4 LONG 0x1fa8 DEFINED (__AltMPWM2Interrupt)?<code 339> (__AltMPWM2Interrupt):DEFINED (__MPWM2Interrupt)?<code 339> (__MPWM2Interrupt):<code 339> (__DefaultInterrupt)
                  0x0001a8          0x4 LONG 0x1fa8 DEFINED (__AltFLTA2Interrupt)?<code 339> (__AltFLTA2Interrupt):DEFINED (__FLTA2Interrupt)?<code 339> (__FLTA2Interrupt):<code 339> (__DefaultInterrupt)
                  0x0001aa          0x4 LONG 0x1fa8 DEFINED (__AltQEI2Interrupt)?<code 339> (__AltQEI2Interrupt):DEFINED (__QEI2Interrupt)?<code 339> (__QEI2Interrupt):<code 339> (__DefaultInterrupt)
                  0x0001ac          0x4 LONG 0x1fa8 DEFINED (__AltInterrupt76)?<code 339> (__AltInterrupt76):DEFINED (__Interrupt76)?<code 339> (__Interrupt76):<code 339> (__DefaultInterrupt)
                  0x0001ae          0x4 LONG 0x1fa8 DEFINED (__AltInterrupt77)?<code 339> (__AltInterrupt77):DEFINED (__Interrupt77)?<code 339> (__Interrupt77):<code 339> (__DefaultInterrupt)
                  0x0001b0          0x4 LONG 0x1fa8 DEFINED (__AltInterrupt78)?<code 339> (__AltInterrupt78):DEFINED (__Interrupt78)?<code 339> (__Interrupt78):<code 339> (__DefaultInterrupt)
                  0x0001b2          0x4 LONG 0x1fa8 DEFINED (__AltInterrupt79)?<code 339> (__AltInterrupt79):DEFINED (__Interrupt79)?<code 339> (__Interrupt79):<code 339> (__DefaultInterrupt)
                  0x0001b4          0x4 LONG 0x1fa8 DEFINED (__AltInterrupt80)?<code 339> (__AltInterrupt80):DEFINED (__Interrupt80)?<code 339> (__Interrupt80):<code 339> (__DefaultInterrupt)
                  0x0001b6          0x4 LONG 0x1fa8 DEFINED (__AltInterrupt81)?<code 339> (__AltInterrupt81):DEFINED (__Interrupt81)?<code 339> (__Interrupt81):<code 339> (__DefaultInterrupt)
                  0x0001b8          0x4 LONG 0x1fa8 DEFINED (__AltInterrupt82)?<code 339> (__AltInterrupt82):DEFINED (__Interrupt82)?<code 339> (__Interrupt82):<code 339> (__DefaultInterrupt)
                  0x0001ba          0x4 LONG 0x1fa8 DEFINED (__AltInterrupt83)?<code 339> (__AltInterrupt83):DEFINED (__Interrupt83)?<code 339> (__Interrupt83):<code 339> (__DefaultInterrupt)
                  0x0001bc          0x4 LONG 0x1fa8 DEFINED (__AltInterrupt84)?<code 339> (__AltInterrupt84):DEFINED (__Interrupt84)?<code 339> (__Interrupt84):<code 339> (__DefaultInterrupt)
                  0x0001be          0x4 LONG 0x1fa8 DEFINED (__AltInterrupt85)?<code 339> (__AltInterrupt85):DEFINED (__Interrupt85)?<code 339> (__Interrupt85):<code 339> (__DefaultInterrupt)
                  0x0001c0          0x4 LONG 0x1fa8 DEFINED (__AltInterrupt86)?<code 339> (__AltInterrupt86):DEFINED (__Interrupt86)?<code 339> (__Interrupt86):<code 339> (__DefaultInterrupt)
                  0x0001c2          0x4 LONG 0x1fa8 DEFINED (__AltInterrupt87)?<code 339> (__AltInterrupt87):DEFINED (__Interrupt87)?<code 339> (__Interrupt87):<code 339> (__DefaultInterrupt)
                  0x0001c4          0x4 LONG 0x1fa8 DEFINED (__AltInterrupt88)?<code 339> (__AltInterrupt88):DEFINED (__Interrupt88)?<code 339> (__Interrupt88):<code 339> (__DefaultInterrupt)
                  0x0001c6          0x4 LONG 0x1fa8 DEFINED (__AltInterrupt89)?<code 339> (__AltInterrupt89):DEFINED (__Interrupt89)?<code 339> (__Interrupt89):<code 339> (__DefaultInterrupt)
                  0x0001c8          0x4 LONG 0x1fa8 DEFINED (__AltInterrupt90)?<code 339> (__AltInterrupt90):DEFINED (__Interrupt90)?<code 339> (__Interrupt90):<code 339> (__DefaultInterrupt)
                  0x0001ca          0x4 LONG 0x1fa8 DEFINED (__AltInterrupt91)?<code 339> (__AltInterrupt91):DEFINED (__Interrupt91)?<code 339> (__Interrupt91):<code 339> (__DefaultInterrupt)
                  0x0001cc          0x4 LONG 0x1fa8 DEFINED (__AltInterrupt92)?<code 339> (__AltInterrupt92):DEFINED (__Interrupt92)?<code 339> (__Interrupt92):<code 339> (__DefaultInterrupt)
                  0x0001ce          0x4 LONG 0x1fa8 DEFINED (__AltInterrupt93)?<code 339> (__AltInterrupt93):DEFINED (__Interrupt93)?<code 339> (__Interrupt93):<code 339> (__DefaultInterrupt)
                  0x0001d0          0x4 LONG 0x1fa8 DEFINED (__AltInterrupt94)?<code 339> (__AltInterrupt94):DEFINED (__Interrupt94)?<code 339> (__Interrupt94):<code 339> (__DefaultInterrupt)
                  0x0001d2          0x4 LONG 0x1fa8 DEFINED (__AltInterrupt95)?<code 339> (__AltInterrupt95):DEFINED (__Interrupt95)?<code 339> (__Interrupt95):<code 339> (__DefaultInterrupt)
                  0x0001d4          0x4 LONG 0x1fa8 DEFINED (__AltInterrupt96)?<code 339> (__AltInterrupt96):DEFINED (__Interrupt96)?<code 339> (__Interrupt96):<code 339> (__DefaultInterrupt)
                  0x0001d6          0x4 LONG 0x1fa8 DEFINED (__AltInterrupt97)?<code 339> (__AltInterrupt97):DEFINED (__Interrupt97)?<code 339> (__Interrupt97):<code 339> (__DefaultInterrupt)
                  0x0001d8          0x4 LONG 0x1fa8 DEFINED (__AltInterrupt98)?<code 339> (__AltInterrupt98):DEFINED (__Interrupt98)?<code 339> (__Interrupt98):<code 339> (__DefaultInterrupt)
                  0x0001da          0x4 LONG 0x1fa8 DEFINED (__AltInterrupt99)?<code 339> (__AltInterrupt99):DEFINED (__Interrupt99)?<code 339> (__Interrupt99):<code 339> (__DefaultInterrupt)
                  0x0001dc          0x4 LONG 0x1fa8 DEFINED (__AltInterrupt100)?<code 339> (__AltInterrupt100):DEFINED (__Interrupt100)?<code 339> (__Interrupt100):<code 339> (__DefaultInterrupt)
                  0x0001de          0x4 LONG 0x1fa8 DEFINED (__AltInterrupt101)?<code 339> (__AltInterrupt101):DEFINED (__Interrupt101)?<code 339> (__Interrupt101):<code 339> (__DefaultInterrupt)
                  0x0001e0          0x4 LONG 0x1fa8 DEFINED (__AltInterrupt102)?<code 339> (__AltInterrupt102):DEFINED (__Interrupt102)?<code 339> (__Interrupt102):<code 339> (__DefaultInterrupt)
                  0x0001e2          0x4 LONG 0x1fa8 DEFINED (__AltInterrupt103)?<code 339> (__AltInterrupt103):DEFINED (__Interrupt103)?<code 339> (__Interrupt103):<code 339> (__DefaultInterrupt)
                  0x0001e4          0x4 LONG 0x1fa8 DEFINED (__AltInterrupt104)?<code 339> (__AltInterrupt104):DEFINED (__Interrupt104)?<code 339> (__Interrupt104):<code 339> (__DefaultInterrupt)
                  0x0001e6          0x4 LONG 0x1fa8 DEFINED (__AltInterrupt105)?<code 339> (__AltInterrupt105):DEFINED (__Interrupt105)?<code 339> (__Interrupt105):<code 339> (__DefaultInterrupt)
                  0x0001e8          0x4 LONG 0x1fa8 DEFINED (__AltInterrupt106)?<code 339> (__AltInterrupt106):DEFINED (__Interrupt106)?<code 339> (__Interrupt106):<code 339> (__DefaultInterrupt)
                  0x0001ea          0x4 LONG 0x1fa8 DEFINED (__AltInterrupt107)?<code 339> (__AltInterrupt107):DEFINED (__Interrupt107)?<code 339> (__Interrupt107):<code 339> (__DefaultInterrupt)
                  0x0001ec          0x4 LONG 0x1fa8 DEFINED (__AltInterrupt108)?<code 339> (__AltInterrupt108):DEFINED (__Interrupt108)?<code 339> (__Interrupt108):<code 339> (__DefaultInterrupt)
                  0x0001ee          0x4 LONG 0x1fa8 DEFINED (__AltInterrupt109)?<code 339> (__AltInterrupt109):DEFINED (__Interrupt109)?<code 339> (__Interrupt109):<code 339> (__DefaultInterrupt)
                  0x0001f0          0x4 LONG 0x1fa8 DEFINED (__AltInterrupt110)?<code 339> (__AltInterrupt110):DEFINED (__Interrupt110)?<code 339> (__Interrupt110):<code 339> (__DefaultInterrupt)
                  0x0001f2          0x4 LONG 0x1fa8 DEFINED (__AltInterrupt111)?<code 339> (__AltInterrupt111):DEFINED (__Interrupt111)?<code 339> (__Interrupt111):<code 339> (__DefaultInterrupt)
                  0x0001f4          0x4 LONG 0x1fa8 DEFINED (__AltInterrupt112)?<code 339> (__AltInterrupt112):DEFINED (__Interrupt112)?<code 339> (__Interrupt112):<code 339> (__DefaultInterrupt)
                  0x0001f6          0x4 LONG 0x1fa8 DEFINED (__AltInterrupt113)?<code 339> (__AltInterrupt113):DEFINED (__Interrupt113)?<code 339> (__Interrupt113):<code 339> (__DefaultInterrupt)
                  0x0001f8          0x4 LONG 0x1fa8 DEFINED (__AltInterrupt114)?<code 339> (__AltInterrupt114):DEFINED (__Interrupt114)?<code 339> (__Interrupt114):<code 339> (__DefaultInterrupt)
                  0x0001fa          0x4 LONG 0x1fa8 DEFINED (__AltInterrupt115)?<code 339> (__AltInterrupt115):DEFINED (__Interrupt115)?<code 339> (__Interrupt115):<code 339> (__DefaultInterrupt)
                  0x0001fc          0x4 LONG 0x1fa8 DEFINED (__AltInterrupt116)?<code 339> (__AltInterrupt116):DEFINED (__Interrupt116)?<code 339> (__Interrupt116):<code 339> (__DefaultInterrupt)
                  0x0001fe          0x4 LONG 0x1fa8 DEFINED (__AltInterrupt117)?<code 339> (__AltInterrupt117):DEFINED (__Interrupt117)?<code 339> (__Interrupt117):<code 339> (__DefaultInterrupt)
                    0x0000                  WREG0 = 0x0
                    0x0000                  _WREG0 = 0x0
                    0x0002                  WREG1 = 0x2
                    0x0002                  _WREG1 = 0x2
                    0x0004                  WREG2 = 0x4
                    0x0004                  _WREG2 = 0x4
                    0x0006                  WREG3 = 0x6
                    0x0006                  _WREG3 = 0x6
                    0x0008                  WREG4 = 0x8
                    0x0008                  _WREG4 = 0x8
                    0x000a                  WREG5 = 0xa
                    0x000a                  _WREG5 = 0xa
                    0x000c                  WREG6 = 0xc
                    0x000c                  _WREG6 = 0xc
                    0x000e                  WREG7 = 0xe
                    0x000e                  _WREG7 = 0xe
                    0x0010                  WREG8 = 0x10
                    0x0010                  _WREG8 = 0x10
                    0x0012                  WREG9 = 0x12
                    0x0012                  _WREG9 = 0x12
                    0x0014                  WREG10 = 0x14
                    0x0014                  _WREG10 = 0x14
                    0x0016                  WREG11 = 0x16
                    0x0016                  _WREG11 = 0x16
                    0x0018                  WREG12 = 0x18
                    0x0018                  _WREG12 = 0x18
                    0x001a                  WREG13 = 0x1a
                    0x001a                  _WREG13 = 0x1a
                    0x001c                  WREG14 = 0x1c
                    0x001c                  _WREG14 = 0x1c
                    0x001e                  WREG15 = 0x1e
                    0x001e                  _WREG15 = 0x1e
                    0x0020                  SPLIM = 0x20
                    0x0020                  _SPLIM = 0x20
                    0x0022                  ACCAL = 0x22
                    0x0022                  _ACCAL = 0x22
                    0x0024                  ACCAH = 0x24
                    0x0024                  _ACCAH = 0x24
                    0x0026                  ACCAU = 0x26
                    0x0026                  _ACCAU = 0x26
                    0x0028                  ACCBL = 0x28
                    0x0028                  _ACCBL = 0x28
                    0x002a                  ACCBH = 0x2a
                    0x002a                  _ACCBH = 0x2a
                    0x002c                  ACCBU = 0x2c
                    0x002c                  _ACCBU = 0x2c
                    0x002e                  PCL = 0x2e
                    0x002e                  _PCL = 0x2e
                    0x0030                  PCH = 0x30
                    0x0030                  _PCH = 0x30
                    0x0032                  TBLPAG = 0x32
                    0x0032                  _TBLPAG = 0x32
                    0x0034                  PSVPAG = 0x34
                    0x0034                  _PSVPAG = 0x34
                    0x0036                  RCOUNT = 0x36
                    0x0036                  _RCOUNT = 0x36
                    0x0038                  DCOUNT = 0x38
                    0x0038                  _DCOUNT = 0x38
                    0x003a                  DOSTARTL = 0x3a
                    0x003a                  _DOSTARTL = 0x3a
                    0x003c                  DOSTARTH = 0x3c
                    0x003c                  _DOSTARTH = 0x3c
                    0x003e                  DOENDL = 0x3e
                    0x003e                  _DOENDL = 0x3e
                    0x0040                  DOENDH = 0x40
                    0x0040                  _DOENDH = 0x40
                    0x0042                  SR = 0x42
                    0x0042                  _SR = 0x42
                    0x0042                  _SRbits = 0x42
                    0x0044                  CORCON = 0x44
                    0x0044                  _CORCON = 0x44
                    0x0044                  _CORCONbits = 0x44
                    0x0046                  MODCON = 0x46
                    0x0046                  _MODCON = 0x46
                    0x0046                  _MODCONbits = 0x46
                    0x0048                  XMODSRT = 0x48
                    0x0048                  _XMODSRT = 0x48
                    0x004a                  XMODEND = 0x4a
                    0x004a                  _XMODEND = 0x4a
                    0x004c                  YMODSRT = 0x4c
                    0x004c                  _YMODSRT = 0x4c
                    0x004e                  YMODEND = 0x4e
                    0x004e                  _YMODEND = 0x4e
                    0x0050                  XBREV = 0x50
                    0x0050                  _XBREV = 0x50
                    0x0050                  _XBREVbits = 0x50
                    0x0052                  DISICNT = 0x52
                    0x0052                  _DISICNT = 0x52
                    0x0060                  CNEN1 = 0x60
                    0x0060                  _CNEN1 = 0x60
                    0x0060                  _CNEN1bits = 0x60
                    0x0062                  CNEN2 = 0x62
                    0x0062                  _CNEN2 = 0x62
                    0x0062                  _CNEN2bits = 0x62
                    0x0068                  CNPU1 = 0x68
                    0x0068                  _CNPU1 = 0x68
                    0x0068                  _CNPU1bits = 0x68
                    0x006a                  CNPU2 = 0x6a
                    0x006a                  _CNPU2 = 0x6a
                    0x006a                  _CNPU2bits = 0x6a
                    0x0080                  INTCON1 = 0x80
                    0x0080                  _INTCON1 = 0x80
                    0x0080                  _INTCON1bits = 0x80
                    0x0082                  INTCON2 = 0x82
                    0x0082                  _INTCON2 = 0x82
                    0x0082                  _INTCON2bits = 0x82
                    0x0084                  IFS0 = 0x84
                    0x0084                  _IFS0 = 0x84
                    0x0084                  _IFS0bits = 0x84
                    0x0086                  IFS1 = 0x86
                    0x0086                  _IFS1 = 0x86
                    0x0086                  _IFS1bits = 0x86
                    0x0088                  IFS2 = 0x88
                    0x0088                  _IFS2 = 0x88
                    0x0088                  _IFS2bits = 0x88
                    0x008a                  IFS3 = 0x8a
                    0x008a                  _IFS3 = 0x8a
                    0x008a                  _IFS3bits = 0x8a
                    0x008c                  IFS4 = 0x8c
                    0x008c                  _IFS4 = 0x8c
                    0x008c                  _IFS4bits = 0x8c
                    0x0094                  IEC0 = 0x94
                    0x0094                  _IEC0 = 0x94
                    0x0094                  _IEC0bits = 0x94
                    0x0096                  IEC1 = 0x96
                    0x0096                  _IEC1 = 0x96
                    0x0096                  _IEC1bits = 0x96
                    0x0098                  IEC2 = 0x98
                    0x0098                  _IEC2 = 0x98
                    0x0098                  _IEC2bits = 0x98
                    0x009a                  IEC3 = 0x9a
                    0x009a                  _IEC3 = 0x9a
                    0x009a                  _IEC3bits = 0x9a
                    0x009c                  IEC4 = 0x9c
                    0x009c                  _IEC4 = 0x9c
                    0x009c                  _IEC4bits = 0x9c
                    0x00a4                  IPC0 = 0xa4
                    0x00a4                  _IPC0 = 0xa4
                    0x00a4                  _IPC0bits = 0xa4
                    0x00a6                  IPC1 = 0xa6
                    0x00a6                  _IPC1 = 0xa6
                    0x00a6                  _IPC1bits = 0xa6
                    0x00a8                  IPC2 = 0xa8
                    0x00a8                  _IPC2 = 0xa8
                    0x00a8                  _IPC2bits = 0xa8
                    0x00aa                  IPC3 = 0xaa
                    0x00aa                  _IPC3 = 0xaa
                    0x00aa                  _IPC3bits = 0xaa
                    0x00ac                  IPC4 = 0xac
                    0x00ac                  _IPC4 = 0xac
                    0x00ac                  _IPC4bits = 0xac
                    0x00ae                  IPC5 = 0xae
                    0x00ae                  _IPC5 = 0xae
                    0x00ae                  _IPC5bits = 0xae
                    0x00b0                  IPC6 = 0xb0
                    0x00b0                  _IPC6 = 0xb0
                    0x00b0                  _IPC6bits = 0xb0
                    0x00b2                  IPC7 = 0xb2
                    0x00b2                  _IPC7 = 0xb2
                    0x00b2                  _IPC7bits = 0xb2
                    0x00b4                  IPC8 = 0xb4
                    0x00b4                  _IPC8 = 0xb4
                    0x00b4                  _IPC8bits = 0xb4
                    0x00b6                  IPC9 = 0xb6
                    0x00b6                  _IPC9 = 0xb6
                    0x00b6                  _IPC9bits = 0xb6
                    0x00ba                  IPC11 = 0xba
                    0x00ba                  _IPC11 = 0xba
                    0x00ba                  _IPC11bits = 0xba
                    0x00c0                  IPC14 = 0xc0
                    0x00c0                  _IPC14 = 0xc0
                    0x00c0                  _IPC14bits = 0xc0
                    0x00c2                  IPC15 = 0xc2
                    0x00c2                  _IPC15 = 0xc2
                    0x00c2                  _IPC15bits = 0xc2
                    0x00c4                  IPC16 = 0xc4
                    0x00c4                  _IPC16 = 0xc4
                    0x00c4                  _IPC16bits = 0xc4
                    0x00c6                  IPC17 = 0xc6
                    0x00c6                  _IPC17 = 0xc6
                    0x00c6                  _IPC17bits = 0xc6
                    0x00c8                  IPC18 = 0xc8
                    0x00c8                  _IPC18 = 0xc8
                    0x00c8                  _IPC18bits = 0xc8
                    0x00e0                  INTTREG = 0xe0
                    0x00e0                  _INTTREG = 0xe0
                    0x00e0                  _INTTREGbits = 0xe0
                    0x0100                  TMR1 = 0x100
                    0x0100                  _TMR1 = 0x100
                    0x0102                  PR1 = 0x102
                    0x0102                  _PR1 = 0x102
                    0x0104                  T1CON = 0x104
                    0x0104                  _T1CON = 0x104
                    0x0104                  _T1CONbits = 0x104
                    0x0106                  TMR2 = 0x106
                    0x0106                  _TMR2 = 0x106
                    0x0108                  TMR3HLD = 0x108
                    0x0108                  _TMR3HLD = 0x108
                    0x010a                  TMR3 = 0x10a
                    0x010a                  _TMR3 = 0x10a
                    0x010c                  PR2 = 0x10c
                    0x010c                  _PR2 = 0x10c
                    0x010e                  PR3 = 0x10e
                    0x010e                  _PR3 = 0x10e
                    0x0110                  T2CON = 0x110
                    0x0110                  _T2CON = 0x110
                    0x0110                  _T2CONbits = 0x110
                    0x0112                  T3CON = 0x112
                    0x0112                  _T3CON = 0x112
                    0x0112                  _T3CONbits = 0x112
                    0x0114                  TMR4 = 0x114
                    0x0114                  _TMR4 = 0x114
                    0x0116                  TMR5HLD = 0x116
                    0x0116                  _TMR5HLD = 0x116
                    0x0118                  TMR5 = 0x118
                    0x0118                  _TMR5 = 0x118
                    0x011a                  PR4 = 0x11a
                    0x011a                  _PR4 = 0x11a
                    0x011c                  PR5 = 0x11c
                    0x011c                  _PR5 = 0x11c
                    0x011e                  T4CON = 0x11e
                    0x011e                  _T4CON = 0x11e
                    0x011e                  _T4CONbits = 0x11e
                    0x0120                  T5CON = 0x120
                    0x0120                  _T5CON = 0x120
                    0x0120                  _T5CONbits = 0x120
                    0x0140                  IC1BUF = 0x140
                    0x0140                  _IC1BUF = 0x140
                    0x0142                  IC1CON = 0x142
                    0x0142                  _IC1CON = 0x142
                    0x0142                  _IC1CONbits = 0x142
                    0x0144                  IC2BUF = 0x144
                    0x0144                  _IC2BUF = 0x144
                    0x0146                  IC2CON = 0x146
                    0x0146                  _IC2CON = 0x146
                    0x0146                  _IC2CONbits = 0x146
                    0x0158                  IC7BUF = 0x158
                    0x0158                  _IC7BUF = 0x158
                    0x015a                  IC7CON = 0x15a
                    0x015a                  _IC7CON = 0x15a
                    0x015a                  _IC7CONbits = 0x15a
                    0x015c                  IC8BUF = 0x15c
                    0x015c                  _IC8BUF = 0x15c
                    0x015e                  IC8CON = 0x15e
                    0x015e                  _IC8CON = 0x15e
                    0x015e                  _IC8CONbits = 0x15e
                    0x0180                  OC1RS = 0x180
                    0x0180                  _OC1RS = 0x180
                    0x0182                  OC1R = 0x182
                    0x0182                  _OC1R = 0x182
                    0x0184                  OC1CON = 0x184
                    0x0184                  _OC1CON = 0x184
                    0x0184                  _OC1CONbits = 0x184
                    0x0186                  OC2RS = 0x186
                    0x0186                  _OC2RS = 0x186
                    0x0188                  OC2R = 0x188
                    0x0188                  _OC2R = 0x188
                    0x018a                  OC2CON = 0x18a
                    0x018a                  _OC2CON = 0x18a
                    0x018a                  _OC2CONbits = 0x18a
                    0x018c                  OC3RS = 0x18c
                    0x018c                  _OC3RS = 0x18c
                    0x018e                  OC3R = 0x18e
                    0x018e                  _OC3R = 0x18e
                    0x0190                  OC3CON = 0x190
                    0x0190                  _OC3CON = 0x190
                    0x0190                  _OC3CONbits = 0x190
                    0x0192                  OC4RS = 0x192
                    0x0192                  _OC4RS = 0x192
                    0x0194                  OC4R = 0x194
                    0x0194                  _OC4R = 0x194
                    0x0196                  OC4CON = 0x196
                    0x0196                  _OC4CON = 0x196
                    0x0196                  _OC4CONbits = 0x196
                    0x01c0                  P1TCON = 0x1c0
                    0x01c0                  _P1TCON = 0x1c0
                    0x01c0                  _P1TCONbits = 0x1c0
                    0x01c0                  PTCON = 0x1c0
                    0x01c0                  _PTCON = 0x1c0
                    0x01c0                  _PTCONbits = 0x1c0
                    0x01c2                  P1TMR = 0x1c2
                    0x01c2                  _P1TMR = 0x1c2
                    0x01c2                  _P1TMRbits = 0x1c2
                    0x01c2                  PTMR = 0x1c2
                    0x01c2                  _PTMR = 0x1c2
                    0x01c2                  _PTMRbits = 0x1c2
                    0x01c4                  P1TPER = 0x1c4
                    0x01c4                  _P1TPER = 0x1c4
                    0x01c4                  _P1TPERbits = 0x1c4
                    0x01c4                  PTPER = 0x1c4
                    0x01c4                  _PTPER = 0x1c4
                    0x01c4                  _PTPERbits = 0x1c4
                    0x01c6                  P1SECMP = 0x1c6
                    0x01c6                  _P1SECMP = 0x1c6
                    0x01c6                  _P1SECMPbits = 0x1c6
                    0x01c6                  SEVTCMP = 0x1c6
                    0x01c6                  _SEVTCMP = 0x1c6
                    0x01c6                  _SEVTCMPbits = 0x1c6
                    0x01c8                  PWM1CON1 = 0x1c8
                    0x01c8                  _PWM1CON1 = 0x1c8
                    0x01c8                  _PWM1CON1bits = 0x1c8
                    0x01c8                  PWMCON1 = 0x1c8
                    0x01c8                  _PWMCON1 = 0x1c8
                    0x01c8                  _PWMCON1bits = 0x1c8
                    0x01ca                  PWM1CON2 = 0x1ca
                    0x01ca                  _PWM1CON2 = 0x1ca
                    0x01ca                  _PWM1CON2bits = 0x1ca
                    0x01ca                  PWMCON2 = 0x1ca
                    0x01ca                  _PWMCON2 = 0x1ca
                    0x01ca                  _PWMCON2bits = 0x1ca
                    0x01cc                  DTCON1 = 0x1cc
                    0x01cc                  _DTCON1 = 0x1cc
                    0x01cc                  _DTCON1bits = 0x1cc
                    0x01cc                  P1DTCON1 = 0x1cc
                    0x01cc                  _P1DTCON1 = 0x1cc
                    0x01cc                  _P1DTCON1bits = 0x1cc
                    0x01ce                  DTCON2 = 0x1ce
                    0x01ce                  _DTCON2 = 0x1ce
                    0x01ce                  _DTCON2bits = 0x1ce
                    0x01ce                  P1DTCON2 = 0x1ce
                    0x01ce                  _P1DTCON2 = 0x1ce
                    0x01ce                  _P1DTCON2bits = 0x1ce
                    0x01d0                  FLTACON = 0x1d0
                    0x01d0                  _FLTACON = 0x1d0
                    0x01d0                  _FLTACONbits = 0x1d0
                    0x01d0                  P1FLTACON = 0x1d0
                    0x01d0                  _P1FLTACON = 0x1d0
                    0x01d0                  _P1FLTACONbits = 0x1d0
                    0x01d4                  OVDCON = 0x1d4
                    0x01d4                  _OVDCON = 0x1d4
                    0x01d4                  _OVDCONbits = 0x1d4
                    0x01d4                  P1OVDCON = 0x1d4
                    0x01d4                  _P1OVDCON = 0x1d4
                    0x01d4                  _P1OVDCONbits = 0x1d4
                    0x01d6                  P1DC1 = 0x1d6
                    0x01d6                  _P1DC1 = 0x1d6
                    0x01d6                  PDC1 = 0x1d6
                    0x01d6                  _PDC1 = 0x1d6
                    0x01d8                  P1DC2 = 0x1d8
                    0x01d8                  _P1DC2 = 0x1d8
                    0x01d8                  PDC2 = 0x1d8
                    0x01d8                  _PDC2 = 0x1d8
                    0x01da                  P1DC3 = 0x1da
                    0x01da                  _P1DC3 = 0x1da
                    0x01da                  PDC3 = 0x1da
                    0x01da                  _PDC3 = 0x1da
                    0x01e0                  QEI1CON = 0x1e0
                    0x01e0                  _QEI1CON = 0x1e0
                    0x01e0                  _QEI1CONbits = 0x1e0
                    0x01e0                  QEICON = 0x1e0
                    0x01e0                  _QEICON = 0x1e0
                    0x01e0                  _QEICONbits = 0x1e0
                    0x01e2                  DFLT1CON = 0x1e2
                    0x01e2                  _DFLT1CON = 0x1e2
                    0x01e2                  _DFLT1CONbits = 0x1e2
                    0x01e2                  DFLTCON = 0x1e2
                    0x01e2                  _DFLTCON = 0x1e2
                    0x01e2                  _DFLTCONbits = 0x1e2
                    0x01e4                  POS1CNT = 0x1e4
                    0x01e4                  _POS1CNT = 0x1e4
                    0x01e4                  POSCNT = 0x1e4
                    0x01e4                  _POSCNT = 0x1e4
                    0x01e6                  MAX1CNT = 0x1e6
                    0x01e6                  _MAX1CNT = 0x1e6
                    0x01e6                  MAXCNT = 0x1e6
                    0x01e6                  _MAXCNT = 0x1e6
                    0x01f0                  QEI2CON = 0x1f0
                    0x01f0                  _QEI2CON = 0x1f0
                    0x01f0                  _QEI2CONbits = 0x1f0
                    0x01f2                  DFLT2CON = 0x1f2
                    0x01f2                  _DFLT2CON = 0x1f2
                    0x01f2                  _DFLT2CONbits = 0x1f2
                    0x01f4                  POS2CNT = 0x1f4
                    0x01f4                  _POS2CNT = 0x1f4
                    0x01f6                  MAX2CNT = 0x1f6
                    0x01f6                  _MAX2CNT = 0x1f6
                    0x0200                  I2C1RCV = 0x200
                    0x0200                  _I2C1RCV = 0x200
                    0x0200                  I2CRCV = 0x200
                    0x0200                  _I2CRCV = 0x200
                    0x0202                  I2C1TRN = 0x202
                    0x0202                  _I2C1TRN = 0x202
                    0x0202                  I2CTRN = 0x202
                    0x0202                  _I2CTRN = 0x202
                    0x0204                  I2C1BRG = 0x204
                    0x0204                  _I2C1BRG = 0x204
                    0x0206                  I2C1CON = 0x206
                    0x0206                  _I2C1CON = 0x206
                    0x0206                  _I2C1CONbits = 0x206
                    0x0206                  I2CCON = 0x206
                    0x0206                  _I2CCON = 0x206
                    0x0208                  I2C1STAT = 0x208
                    0x0208                  _I2C1STAT = 0x208
                    0x0208                  _I2C1STATbits = 0x208
                    0x0208                  I2CSTAT = 0x208
                    0x0208                  _I2CSTAT = 0x208
                    0x020a                  I2C1ADD = 0x20a
                    0x020a                  _I2C1ADD = 0x20a
                    0x020a                  I2CADD = 0x20a
                    0x020a                  _I2CADD = 0x20a
                    0x020c                  I2C1MSK = 0x20c
                    0x020c                  _I2C1MSK = 0x20c
                    0x0220                  U1MODE = 0x220
                    0x0220                  _U1MODE = 0x220
                    0x0220                  _U1MODEbits = 0x220
                    0x0222                  U1STA = 0x222
                    0x0222                  _U1STA = 0x222
                    0x0222                  _U1STAbits = 0x222
                    0x0224                  U1TXREG = 0x224
                    0x0224                  _U1TXREG = 0x224
                    0x0224                  _U1TXREGbits = 0x224
                    0x0226                  U1RXREG = 0x226
                    0x0226                  _U1RXREG = 0x226
                    0x0226                  _U1RXREGbits = 0x226
                    0x0228                  U1BRG = 0x228
                    0x0228                  _U1BRG = 0x228
                    0x0230                  U2MODE = 0x230
                    0x0230                  _U2MODE = 0x230
                    0x0230                  _U2MODEbits = 0x230
                    0x0232                  U2STA = 0x232
                    0x0232                  _U2STA = 0x232
                    0x0232                  _U2STAbits = 0x232
                    0x0234                  U2TXREG = 0x234
                    0x0234                  _U2TXREG = 0x234
                    0x0234                  _U2TXREGbits = 0x234
                    0x0236                  U2RXREG = 0x236
                    0x0236                  _U2RXREG = 0x236
                    0x0236                  _U2RXREGbits = 0x236
                    0x0238                  U2BRG = 0x238
                    0x0238                  _U2BRG = 0x238
                    0x0240                  SPI1STAT = 0x240
                    0x0240                  _SPI1STAT = 0x240
                    0x0240                  _SPI1STATbits = 0x240
                    0x0242                  SPI1CON1 = 0x242
                    0x0242                  _SPI1CON1 = 0x242
                    0x0242                  _SPI1CON1bits = 0x242
                    0x0244                  SPI1CON2 = 0x244
                    0x0244                  _SPI1CON2 = 0x244
                    0x0244                  _SPI1CON2bits = 0x244
                    0x0248                  SPI1BUF = 0x248
                    0x0248                  _SPI1BUF = 0x248
                    0x0260                  SPI2STAT = 0x260
                    0x0260                  _SPI2STAT = 0x260
                    0x0260                  _SPI2STATbits = 0x260
                    0x0262                  SPI2CON1 = 0x262
                    0x0262                  _SPI2CON1 = 0x262
                    0x0262                  _SPI2CON1bits = 0x262
                    0x0264                  SPI2CON2 = 0x264
                    0x0264                  _SPI2CON2 = 0x264
                    0x0264                  _SPI2CON2bits = 0x264
                    0x0268                  SPI2BUF = 0x268
                    0x0268                  _SPI2BUF = 0x268
                    0x02c0                  TRISA = 0x2c0
                    0x02c0                  _TRISA = 0x2c0
                    0x02c0                  _TRISAbits = 0x2c0
                    0x02c2                  PORTA = 0x2c2
                    0x02c2                  _PORTA = 0x2c2
                    0x02c2                  _PORTAbits = 0x2c2
                    0x02c4                  LATA = 0x2c4
                    0x02c4                  _LATA = 0x2c4
                    0x02c4                  _LATAbits = 0x2c4
                    0x02c6                  ODCA = 0x2c6
                    0x02c6                  _ODCA = 0x2c6
                    0x02c6                  _ODCAbits = 0x2c6
                    0x02c8                  TRISB = 0x2c8
                    0x02c8                  _TRISB = 0x2c8
                    0x02c8                  _TRISBbits = 0x2c8
                    0x02ca                  PORTB = 0x2ca
                    0x02ca                  _PORTB = 0x2ca
                    0x02ca                  _PORTBbits = 0x2ca
                    0x02cc                  LATB = 0x2cc
                    0x02cc                  _LATB = 0x2cc
                    0x02cc                  _LATBbits = 0x2cc
                    0x02ce                  ODCB = 0x2ce
                    0x02ce                  _ODCB = 0x2ce
                    0x02ce                  _ODCBbits = 0x2ce
                    0x02fc                  PADCFG1 = 0x2fc
                    0x02fc                  _PADCFG1 = 0x2fc
                    0x02fc                  _PADCFG1bits = 0x2fc
                    0x0300                  ADC1BUF0 = 0x300
                    0x0300                  _ADC1BUF0 = 0x300
                    0x0300                  ADCBUF0 = 0x300
                    0x0300                  _ADCBUF0 = 0x300
                    0x0320                  AD1CON1 = 0x320
                    0x0320                  _AD1CON1 = 0x320
                    0x0320                  _AD1CON1bits = 0x320
                    0x0322                  AD1CON2 = 0x322
                    0x0322                  _AD1CON2 = 0x322
                    0x0322                  _AD1CON2bits = 0x322
                    0x0324                  AD1CON3 = 0x324
                    0x0324                  _AD1CON3 = 0x324
                    0x0324                  _AD1CON3bits = 0x324
                    0x0326                  AD1CHS123 = 0x326
                    0x0326                  _AD1CHS123 = 0x326
                    0x0326                  _AD1CHS123bits = 0x326
                    0x0328                  AD1CHS0 = 0x328
                    0x0328                  _AD1CHS0 = 0x328
                    0x0328                  _AD1CHS0bits = 0x328
                    0x032c                  AD1PCFGL = 0x32c
                    0x032c                  _AD1PCFGL = 0x32c
                    0x032c                  _AD1PCFGLbits = 0x32c
                    0x032c                  ADPCFG = 0x32c
                    0x032c                  _ADPCFG = 0x32c
                    0x0330                  AD1CSSL = 0x330
                    0x0330                  _AD1CSSL = 0x330
                    0x0330                  _AD1CSSLbits = 0x330
                    0x0332                  AD1CON4 = 0x332
                    0x0332                  _AD1CON4 = 0x332
                    0x0332                  _AD1CON4bits = 0x332
                    0x0380                  DMA0CON = 0x380
                    0x0380                  _DMA0CON = 0x380
                    0x0380                  _DMA0CONbits = 0x380
                    0x0382                  DMA0REQ = 0x382
                    0x0382                  _DMA0REQ = 0x382
                    0x0382                  _DMA0REQbits = 0x382
                    0x0384                  DMA0STA = 0x384
                    0x0384                  _DMA0STA = 0x384
                    0x0386                  DMA0STB = 0x386
                    0x0386                  _DMA0STB = 0x386
                    0x0388                  DMA0PAD = 0x388
                    0x0388                  _DMA0PAD = 0x388
                    0x038a                  DMA0CNT = 0x38a
                    0x038a                  _DMA0CNT = 0x38a
                    0x038c                  DMA1CON = 0x38c